Component: ARM Compiler 5.06 update 7 (build 960) Tool: armlink [4d3601]

==============================================================================

Section Cross References

    main.o(.text) refers to _printf_pad.o(.text) for _printf_pre_padding
    main.o(.text) refers to _printf_percent.o(.ARM.Collect$$_printf_percent$$00000000) for _printf_percent
    main.o(.text) refers to _printf_d.o(.ARM.Collect$$_printf_percent$$00000009) for _printf_d
    main.o(.text) refers to _printf_dec.o(.text) for _printf_int_dec
    main.o(.text) refers to _printf_f.o(.ARM.Collect$$_printf_percent$$00000003) for _printf_f
    main.o(.text) refers to printf1.o(x$fpl$printf1) for _printf_fp_dec
    main.o(.text) refers to stm32f4xx_rcc.o(.text) for RCC_AHB1PeriphClockCmd
    main.o(.text) refers to stm32f4xx_gpio.o(.text) for GPIO_Init
    main.o(.text) refers to stm32f4xx_dma.o(.text) for DMA_Cmd
    main.o(.text) refers to ff.o(.text) for f_getfree
    main.o(.text) refers to delay.o(.text) for delay_ms
    main.o(.text) refers to sdio_sdcard.o(.text) for SD_Init
    main.o(.text) refers to rt_memclr_w.o(.text) for __aeabi_memclr4
    main.o(.text) refers to usart.o(.data) for u1_tx_idle
    main.o(.text) refers to main.o(.bss) for fs
    main.o(.text) refers to main.o(.conststring) for .conststring
    main.o(.text) refers to timer.o(.text) for TIM2_Int_Init
    main.o(.text) refers to noretval__2sprintf.o(.text) for __2sprintf
    main.o(.text) refers to stm32f4xx_tim.o(.text) for TIM_Cmd
    main.o(.text) refers to f2d.o(x$fpl$f2d) for __aeabi_f2d
    main.o(.text) refers to ddiv.o(x$fpl$ddiv) for __aeabi_ddiv
    main.o(.text) refers to stm32f4xx_usart.o(.text) for USART_ITConfig
    main.o(.text) refers to rt_memcpy_v6.o(.text) for __aeabi_memcpy
    main.o(.text) refers to dflt_clz.o(x$fpl$dflt) for __aeabi_i2d
    main.o(.text) refers to dmul.o(x$fpl$dmul) for __aeabi_dmul
    main.o(.text) refers to daddsub_clz.o(x$fpl$dsub) for __aeabi_dsub
    main.o(.text) refers to daddsub_clz.o(x$fpl$dadd) for __aeabi_dadd
    main.o(.text) refers to usart.o(.bss) for uart1_rx_buffer0
    main.o(.text) refers to main.o(.data) for bw
    main.o(.text) refers to timer.o(.data) for cnt_t
    main.o(.text) refers to dfix.o(x$fpl$dfix) for __aeabi_d2iz
    main.o(.text) refers to dflt_clz.o(x$fpl$dfltu) for __aeabi_ui2d
    main.o(.text) refers to daddsub_clz.o(x$fpl$drsb) for __aeabi_drsub
    main.o(.text) refers to drleqf.o(x$fpl$drleqf) for __aeabi_cdrcmple
    main.o(.text) refers to stmflash.o(.text) for STMFLASH_Read
    main.o(.text) refers to memcmp.o(.text) for memcmp
    main.o(.text) refers to usart.o(.text) for ring_buffer_read
    main.o(.text) refers to noretval__2printf.o(.text) for __2printf
    main.o(.text) refers to adc.o(.text) for Get_Adc_Average
    main.o(.text) refers to rng.o(.text) for RNG_Init
    main.o(.text) refers to misc.o(.text) for NVIC_PriorityGroupConfig
    main.o(.text) refers to onoffcontrol.o(.text) for OnOffControl_Init
    main.o(.text) refers to exti.o(.text) for exti_func_init
    system_stm32f4xx.o(.text) refers to system_stm32f4xx.o(.data) for SystemCoreClock
    startup_stm32f40_41xxx.o(STACK) refers (Special) to heapauxi.o(.text) for __use_two_region_memory
    startup_stm32f40_41xxx.o(HEAP) refers (Special) to heapauxi.o(.text) for __use_two_region_memory
    startup_stm32f40_41xxx.o(RESET) refers (Special) to heapauxi.o(.text) for __use_two_region_memory
    startup_stm32f40_41xxx.o(RESET) refers to startup_stm32f40_41xxx.o(STACK) for __initial_sp
    startup_stm32f40_41xxx.o(RESET) refers to startup_stm32f40_41xxx.o(.text) for Reset_Handler
    startup_stm32f40_41xxx.o(RESET) refers to stm32f4xx_it.o(.text) for NMI_Handler
    startup_stm32f40_41xxx.o(RESET) refers to usart.o(.text) for DMA1_Stream3_IRQHandler
    startup_stm32f40_41xxx.o(RESET) refers to timer.o(.text) for TIM2_IRQHandler
    startup_stm32f40_41xxx.o(RESET) refers to pwmcatch.o(.text) for TIM3_IRQHandler
    startup_stm32f40_41xxx.o(RESET) refers to exti.o(.text) for EXTI15_10_IRQHandler
    startup_stm32f40_41xxx.o(RESET) refers to sdio_sdcard.o(.text) for SDIO_IRQHandler
    startup_stm32f40_41xxx.o(.text) refers (Special) to heapauxi.o(.text) for __use_two_region_memory
    startup_stm32f40_41xxx.o(.text) refers to system_stm32f4xx.o(.text) for SystemInit
    startup_stm32f40_41xxx.o(.text) refers to __main.o(!!!main) for __main
    startup_stm32f40_41xxx.o(.text) refers to startup_stm32f40_41xxx.o(HEAP) for Heap_Mem
    startup_stm32f40_41xxx.o(.text) refers to startup_stm32f40_41xxx.o(STACK) for Stack_Mem
    stm32f4xx_gpio.o(.text) refers to stm32f4xx_rcc.o(.text) for RCC_AHB1PeriphResetCmd
    stm32f4xx_rcc.o(.text) refers to stm32f4xx_rcc.o(.data) for APBAHBPrescTable
    stm32f4xx_sdio.o(.text) refers to stm32f4xx_rcc.o(.text) for RCC_APB2PeriphResetCmd
    stm32f4xx_syscfg.o(.text) refers to stm32f4xx_rcc.o(.text) for RCC_APB2PeriphResetCmd
[...]
    RTC_WKUP_IRQHandler                      0x080021e7   Thumb Code     0  startup_stm32f40_41xxx.o(.text)
    SPI1_IRQHandler                          0x080021e7   Thumb Code     0  startup_stm32f40_41xxx.o(.text)
    SPI2_IRQHandler                          0x080021e7   Thumb Code     0  startup_stm32f40_41xxx.o(.text)
    SPI3_IRQHandler                          0x080021e7   Thumb Code     0  startup_stm32f40_41xxx.o(.text)
    TAMP_STAMP_IRQHandler                    0x080021e7   Thumb Code     0  startup_stm32f40_41xxx.o(.text)
    TIM1_BRK_TIM9_IRQHandler                 0x080021e7   Thumb Code     0  startup_stm32f40_41xxx.o(.text)
    TIM1_CC_IRQHandler                       0x080021e7   Thumb Code     0  startup_stm32f40_41xxx.o(.text)
    TIM1_TRG_COM_TIM11_IRQHandler            0x080021e7   Thumb Code     0  startup_stm32f40_41xxx.o(.text)
    TIM1_UP_TIM10_IRQHandler                 0x080021e7   Thumb Code     0  startup_stm32f40_41xxx.o(.text)
    TIM5_IRQHandler                          0x080021e7   Thumb Code     0  startup_stm32f40_41xxx.o(.text)
    TIM6_DAC_IRQHandler                      0x080021e7   Thumb Code     0  startup_stm32f40_41xxx.o(.text)
    TIM7_IRQHandler                          0x080021e7   Thumb Code     0  startup_stm32f40_41xxx.o(.text)
    TIM8_BRK_TIM12_IRQHandler                0x080021e7   Thumb Code     0  startup_stm32f40_41xxx.o(.text)
    TIM8_CC_IRQHandler                       0x080021e7   Thumb Code     0  startup_stm32f40_41xxx.o(.text)
    TIM8_TRG_COM_TIM14_IRQHandler            0x080021e7   Thumb Code     0  startup_stm32f40_41xxx.o(.text)
    TIM8_UP_TIM13_IRQHandler                 0x080021e7   Thumb Code     0  startup_stm32f40_41xxx.o(.text)
    UART5_IRQHandler                         0x080021e7   Thumb Code     0  startup_stm32f40_41xxx.o(.text)
    USART1_IRQHandler                        0x080021e7   Thumb Code     0  startup_stm32f40_41xxx.o(.text)
    WWDG_IRQHandler                          0x080021e7   Thumb Code     0  startup_stm32f40_41xxx.o(.text)
    __user_initial_stackheap                 0x080021e9   Thumb Code     0  startup_stm32f40_41xxx.o(.text)
    NVIC_PriorityGroupConfig                 0x0800220d   Thumb Code    10  misc.o(.text)
    NVIC_Init                                0x08002217   Thumb Code   106  misc.o(.text)
    NVIC_SetVectorTable                      0x08002281   Thumb Code    14  misc.o(.text)
    NVIC_SystemLPConfig                      0x0800228f   Thumb Code    34  misc.o(.text)
    SysTick_CLKSourceConfig                  0x080022b1   Thumb Code    40  misc.o(.text)
    GPIO_DeInit                              0x080022ed   Thumb Code   268  stm32f4xx_gpio.o(.text)
    GPIO_Init                                0x080023f9   Thumb Code   144  stm32f4xx_gpio.o(.text)
    GPIO_StructInit                          0x08002489   Thumb Code    18  stm32f4xx_gpio.o(.text)
    GPIO_PinLockConfig                       0x0800249b   Thumb Code    34  stm32f4xx_gpio.o(.text)
    GPIO_ReadInputDataBit                    0x080024bd   Thumb Code    18  stm32f4xx_gpio.o(.text)
    GPIO_ReadInputData                       0x080024cf   Thumb Code     8  stm32f4xx_gpio.o(.text)
    GPIO_ReadOutputDataBit                   0x080024d7   Thumb Code    18  stm32f4xx_gpio.o(.text)
    GPIO_ReadOutputData                      0x080024e9   Thumb Code     8  stm32f4xx_gpio.o(.text)
    GPIO_SetBits                             0x080024f1   Thumb Code     4  stm32f4xx_gpio.o(.text)
    GPIO_ResetBits                           0x080024f5   Thumb Code     4  stm32f4xx_gpio.o(.text)
    GPIO_WriteBit                            0x080024f9   Thumb Code    10  stm32f4xx_gpio.o(.text)
    GPIO_Write                               0x08002503   Thumb Code     4  stm32f4xx_gpio.o(.text)
    GPIO_ToggleBits                          0x08002507   Thumb Code     8  stm32f4xx_gpio.o(.text)
    GPIO_PinAFConfig                         0x0800250f   Thumb Code    70  stm32f4xx_gpio.o(.text)
    RCC_DeInit                               0x08002581   Thumb Code    82  stm32f4xx_rcc.o(.text)
    RCC_HSEConfig                            0x080025d3   Thumb Code    14  stm32f4xx_rcc.o(.text)
    RCC_GetFlagStatus                        0x080025e1   Thumb Code    60  stm32f4xx_rcc.o(.text)
    RCC_WaitForHSEStartUp                    0x0800261d   Thumb Code    56  stm32f4xx_rcc.o(.text)
    RCC_AdjustHSICalibrationValue            0x08002655   Thumb Code    20  stm32f4xx_rcc.o(.text)
    RCC_HSICmd                               0x08002669   Thumb Code     6  stm32f4xx_rcc.o(.text)
    RCC_LSEConfig                            0x0800266f   Thumb Code    46  stm32f4xx_rcc.o(.text)
    RCC_LSICmd                               0x0800269d   Thumb Code     6  stm32f4xx_rcc.o(.text)
    RCC_PLLConfig                            0x080026a3   Thumb Code    32  stm32f4xx_rcc.o(.text)
    RCC_PLLCmd                               0x080026c3   Thumb Code     6  stm32f4xx_rcc.o(.text)
    RCC_PLLI2SConfig                         0x080026c9   Thumb Code    14  stm32f4xx_rcc.o(.text)
    RCC_PLLI2SCmd                            0x080026d7   Thumb Code     6  stm32f4xx_rcc.o(.text)
    RCC_PLLSAIConfig                         0x080026dd   Thumb Code    20  stm32f4xx_rcc.o(.text)
    RCC_PLLSAICmd                            0x080026f1   Thumb Code     6  stm32f4xx_rcc.o(.text)
    RCC_ClockSecuritySystemCmd               0x080026f7   Thumb Code     6  stm32f4xx_rcc.o(.text)
    RCC_MCO1Config                           0x080026fd   Thumb Code    28  stm32f4xx_rcc.o(.text)
    RCC_MCO2Config                           0x08002719   Thumb Code    28  stm32f4xx_rcc.o(.text)
    RCC_SYSCLKConfig                         0x08002735   Thumb Code    20  stm32f4xx_rcc.o(.text)
    RCC_GetSYSCLKSource                      0x08002749   Thumb Code    12  stm32f4xx_rcc.o(.text)
    RCC_HCLKConfig                           0x08002755   Thumb Code    20  stm32f4xx_rcc.o(.text)
    RCC_PCLK1Config                          0x08002769   Thumb Code    20  stm32f4xx_rcc.o(.text)
    RCC_PCLK2Config                          0x0800277d   Thumb Code    22  stm32f4xx_rcc.o(.text)
    RCC_GetClocksFreq                        0x08002793   Thumb Code   222  stm32f4xx_rcc.o(.text)
    RCC_RTCCLKConfig                         0x08002871   Thumb Code    54  stm32f4xx_rcc.o(.text)
    RCC_RTCCLKCmd                            0x080028a7   Thumb Code     8  stm32f4xx_rcc.o(.text)
    RCC_BackupResetCmd                       0x080028af   Thumb Code     8  stm32f4xx_rcc.o(.text)
    RCC_I2SCLKConfig                         0x080028b7   Thumb Code     6  stm32f4xx_rcc.o(.text)
    RCC_SAIPLLI2SClkDivConfig                0x080028bd   Thumb Code    26  stm32f4xx_rcc.o(.text)
    RCC_SAIPLLSAIClkDivConfig                0x080028d7   Thumb Code    28  stm32f4xx_rcc.o(.text)
    RCC_SAIBlockACLKConfig                   0x080028f3   Thumb Code    20  stm32f4xx_rcc.o(.text)
    RCC_SAIBlockBCLKConfig                   0x08002907   Thumb Code    20  stm32f4xx_rcc.o(.text)
    RCC_LTDCCLKDivConfig                     0x0800291b   Thumb Code    20  stm32f4xx_rcc.o(.text)
    RCC_TIMCLKPresConfig                     0x0800292f   Thumb Code     6  stm32f4xx_rcc.o(.text)
    RCC_AHB1PeriphClockCmd                   0x08002935   Thumb Code    34  stm32f4xx_rcc.o(.text)
    RCC_AHB2PeriphClockCmd                   0x08002957   Thumb Code    78  stm32f4xx_rcc.o(.text)
    RCC_AHB3PeriphClockCmd                   0x080029a5   Thumb Code    34  stm32f4xx_rcc.o(.text)
    RCC_APB1PeriphClockCmd                   0x080029c7   Thumb Code    34  stm32f4xx_rcc.o(.text)
    RCC_APB2PeriphClockCmd                   0x080029e9   Thumb Code    34  stm32f4xx_rcc.o(.text)
    RCC_AHB1PeriphResetCmd                   0x08002a0b   Thumb Code    34  stm32f4xx_rcc.o(.text)
    RCC_AHB2PeriphResetCmd                   0x08002a2d   Thumb Code    34  stm32f4xx_rcc.o(.text)
    RCC_AHB3PeriphResetCmd                   0x08002a4f   Thumb Code    34  stm32f4xx_rcc.o(.text)
    RCC_APB1PeriphResetCmd                   0x08002a71   Thumb Code    34  stm32f4xx_rcc.o(.text)
    RCC_APB2PeriphResetCmd                   0x08002a93   Thumb Code    34  stm32f4xx_rcc.o(.text)
    RCC_AHB1PeriphClockLPModeCmd             0x08002ab5   Thumb Code    34  stm32f4xx_rcc.o(.text)
    RCC_AHB2PeriphClockLPModeCmd             0x08002ad7   Thumb Code    34  stm32f4xx_rcc.o(.text)
    RCC_AHB3PeriphClockLPModeCmd             0x08002af9   Thumb Code    34  stm32f4xx_rcc.o(.text)
    RCC_APB1PeriphClockLPModeCmd             0x08002b1b   Thumb Code    34  stm32f4xx_rcc.o(.text)
    RCC_APB2PeriphClockLPModeCmd             0x08002b3d   Thumb Code    34  stm32f4xx_rcc.o(.text)
    RCC_LSEModeConfig                        0x08002b5f   Thumb Code    40  stm32f4xx_rcc.o(.text)
    RCC_ITConfig                             0x08002b87   Thumb Code    34  stm32f4xx_rcc.o(.text)
    RCC_ClearFlag                            0x08002ba9   Thumb Code    18  stm32f4xx_rcc.o(.text)
    RCC_GetITStatus                          0x08002bbb   Thumb Code    22  stm32f4xx_rcc.o(.text)
    RCC_ClearITPendingBit                    0x08002bd1   Thumb Code     8  stm32f4xx_rcc.o(.text)
    SYSCFG_DeInit                            0x08002bdd   Thumb Code    22  stm32f4xx_syscfg.o(.text)
    SYSCFG_MemoryRemapConfig                 0x08002bf3   Thumb Code     6  stm32f4xx_syscfg.o(.text)
    SYSCFG_MemorySwappingBank                0x08002bf9   Thumb Code     6  stm32f4xx_syscfg.o(.text)
    SYSCFG_EXTILineConfig                    0x08002bff   Thumb Code    66  stm32f4xx_syscfg.o(.text)
    SYSCFG_ETH_MediaInterfaceConfig          0x08002c41   Thumb Code     8  stm32f4xx_syscfg.o(.text)
    SYSCFG_CompensationCellCmd               0x08002c49   Thumb Code     6  stm32f4xx_syscfg.o(.text)
    SYSCFG_GetCompensationCellStatus         0x08002c4f   Thumb Code    22  stm32f4xx_syscfg.o(.text)
    USART_DeInit                             0x08002c71   Thumb Code   206  stm32f4xx_usart.o(.text)
    USART_Init                               0x08002d3f   Thumb Code   208  stm32f4xx_usart.o(.text)
    USART_StructInit                         0x08002e0f   Thumb Code    24  stm32f4xx_usart.o(.text)
    USART_ClockInit                          0x08002e27   Thumb Code    32  stm32f4xx_usart.o(.text)
    USART_ClockStructInit                    0x08002e47   Thumb Code    12  stm32f4xx_usart.o(.text)
    USART_Cmd                                0x08002e53   Thumb Code    24  stm32f4xx_usart.o(.text)
    USART_SetPrescaler                       0x08002e6b   Thumb Code    16  stm32f4xx_usart.o(.text)
    USART_OverSampling8Cmd                   0x08002e7b   Thumb Code    22  stm32f4xx_usart.o(.text)
    USART_OneBitMethodCmd                    0x08002e91   Thumb Code    24  stm32f4xx_usart.o(.text)
    USART_SendData                           0x08002ea9   Thumb Code     8  stm32f4xx_usart.o(.text)
    USART_ReceiveData                        0x08002eb1   Thumb Code    10  stm32f4xx_usart.o(.text)
    USART_SetAddress                         0x08002ebb   Thumb Code    18  stm32f4xx_usart.o(.text)
    USART_ReceiverWakeUpCmd                  0x08002ecd   Thumb Code    24  stm32f4xx_usart.o(.text)
    USART_WakeUpConfig                       0x08002ee5   Thumb Code    18  stm32f4xx_usart.o(.text)
    USART_LINBreakDetectLengthConfig         0x08002ef7   Thumb Code    18  stm32f4xx_usart.o(.text)
    USART_LINCmd                             0x08002f09   Thumb Code    24  stm32f4xx_usart.o(.text)
    USART_SendBreak                          0x08002f21   Thumb Code    10  stm32f4xx_usart.o(.text)
    USART_HalfDuplexCmd                      0x08002f2b   Thumb Code    24  stm32f4xx_usart.o(.text)
    USART_SetGuardTime                       0x08002f43   Thumb Code    16  stm32f4xx_usart.o(.text)
    USART_SmartCardCmd                       0x08002f53   Thumb Code    24  stm32f4xx_usart.o(.text)
    USART_SmartCardNACKCmd                   0x08002f6b   Thumb Code    24  stm32f4xx_usart.o(.text)
    USART_IrDAConfig                         0x08002f83   Thumb Code    18  stm32f4xx_usart.o(.text)
    USART_IrDACmd                            0x08002f95   Thumb Code    24  stm32f4xx_usart.o(.text)
    USART_DMACmd                             0x08002fad   Thumb Code    18  stm32f4xx_usart.o(.text)
    USART_ITConfig                           0x08002fbf   Thumb Code    74  stm32f4xx_usart.o(.text)
    USART_GetFlagStatus                      0x08003009   Thumb Code    26  stm32f4xx_usart.o(.text)
    USART_ClearFlag                          0x08003023   Thumb Code    18  stm32f4xx_usart.o(.text)
    USART_GetITStatus                        0x08003035   Thumb Code   118  stm32f4xx_usart.o(.text)
    USART_ClearITPendingBit                  0x080030ab   Thumb Code    30  stm32f4xx_usart.o(.text)
    DMA_DeInit                               0x080030c9   Thumb Code   324  stm32f4xx_dma.o(.text)
    DMA_Init                                 0x0800320d   Thumb Code    82  stm32f4xx_dma.o(.text)
    DMA_StructInit                           0x0800325f   Thumb Code    34  stm32f4xx_dma.o(.text)
    DMA_Cmd                                  0x08003281   Thumb Code    22  stm32f4xx_dma.o(.text)
    DMA_PeriphIncOffsetSizeConfig            0x08003297   Thumb Code    22  stm32f4xx_dma.o(.text)
    DMA_FlowControllerConfig                 0x080032ad   Thumb Code    22  stm32f4xx_dma.o(.text)
    DMA_SetCurrDataCounter                   0x080032c3   Thumb Code     4  stm32f4xx_dma.o(.text)
    DMA_GetCurrDataCounter                   0x080032c7   Thumb Code     8  stm32f4xx_dma.o(.text)
    DMA_DoubleBufferModeConfig               0x080032cf   Thumb Code    24  stm32f4xx_dma.o(.text)
    DMA_DoubleBufferModeCmd                  0x080032e7   Thumb Code    22  stm32f4xx_dma.o(.text)
    DMA_MemoryTargetConfig                   0x080032fd   Thumb Code    10  stm32f4xx_dma.o(.text)
    DMA_GetCurrentMemoryTarget               0x08003307   Thumb Code    20  stm32f4xx_dma.o(.text)
    DMA_GetCmdStatus                         0x0800331b   Thumb Code    20  stm32f4xx_dma.o(.text)
    DMA_GetFIFOStatus                        0x0800332f   Thumb Code    12  stm32f4xx_dma.o(.text)
    DMA_GetFlagStatus                        0x0800333b   Thumb Code    56  stm32f4xx_dma.o(.text)
    DMA_ClearFlag                            0x08003373   Thumb Code    40  stm32f4xx_dma.o(.text)
    DMA_ITConfig                             0x0800339b   Thumb Code    58  stm32f4xx_dma.o(.text)
    DMA_GetITStatus                          0x080033d5   Thumb Code    84  stm32f4xx_dma.o(.text)
    DMA_ClearITPendingBit                    0x08003429   Thumb Code    40  stm32f4xx_dma.o(.text)
    TIM_DeInit                               0x08003471   Thumb Code   346  stm32f4xx_tim.o(.text)
    TIM_TimeBaseInit                         0x080035cb   Thumb Code   104  stm32f4xx_tim.o(.text)
    TIM_TimeBaseStructInit                   0x08003633   Thumb Code    18  stm32f4xx_tim.o(.text)
    TIM_PrescalerConfig                      0x08003645   Thumb Code     6  stm32f4xx_tim.o(.text)
    TIM_CounterModeConfig                    0x0800364b   Thumb Code    18  stm32f4xx_tim.o(.text)
    TIM_SetCounter                           0x0800365d   Thumb Code     4  stm32f4xx_tim.o(.text)
    TIM_SetAutoreload                        0x08003661   Thumb Code     4  stm32f4xx_tim.o(.text)
    TIM_GetCounter                           0x08003665   Thumb Code     6  stm32f4xx_tim.o(.text)
    TIM_GetPrescaler                         0x0800366b   Thumb Code     6  stm32f4xx_tim.o(.text)
    TIM_UpdateDisableConfig                  0x08003671   Thumb Code    24  stm32f4xx_tim.o(.text)
    TIM_UpdateRequestConfig                  0x08003689   Thumb Code    24  stm32f4xx_tim.o(.text)
    TIM_ARRPreloadConfig                     0x080036a1   Thumb Code    24  stm32f4xx_tim.o(.text)
    TIM_SelectOnePulseMode                   0x080036b9   Thumb Code    18  stm32f4xx_tim.o(.text)
    TIM_SetClockDivision                     0x080036cb   Thumb Code    18  stm32f4xx_tim.o(.text)
    TIM_Cmd                                  0x080036dd   Thumb Code    24  stm32f4xx_tim.o(.text)
    TIM_OC1Init                              0x080036f5   Thumb Code   114  stm32f4xx_tim.o(.text)
    TIM_OC2Init                              0x08003767   Thumb Code   154  stm32f4xx_tim.o(.text)
    TIM_OC3Init                              0x08003801   Thumb Code   204  stm32f4xx_tim.o(.text)
    TIM_OC4Init                              0x080038cd   Thumb Code   112  stm32f4xx_tim.o(.text)
    TIM_OCStructInit                         0x0800393d   Thumb Code    20  stm32f4xx_tim.o(.text)
    TIM_SelectOCxM                           0x08003951   Thumb Code    86  stm32f4xx_tim.o(.text)
    TIM_SetCompare1                          0x080039a7   Thumb Code     4  stm32f4xx_tim.o(.text)
    TIM_SetCompare2                          0x080039ab   Thumb Code     4  stm32f4xx_tim.o(.text)
    TIM_SetCompare3                          0x080039af   Thumb Code     4  stm32f4xx_tim.o(.text)
    TIM_SetCompare4                          0x080039b3   Thumb Code     4  stm32f4xx_tim.o(.text)
    TIM_ForcedOC1Config                      0x080039b7   Thumb Code    18  stm32f4xx_tim.o(.text)
    TIM_ForcedOC2Config                      0x080039c9   Thumb Code    26  stm32f4xx_tim.o(.text)
    TIM_ForcedOC3Config                      0x080039e3   Thumb Code    18  stm32f4xx_tim.o(.text)
    TIM_ForcedOC4Config                      0x080039f5   Thumb Code    26  stm32f4xx_tim.o(.text)
    TIM_OC1PreloadConfig                     0x08003a0f   Thumb Code    18  stm32f4xx_tim.o(.text)
    TIM_OC2PreloadConfig                     0x08003a21   Thumb Code    26  stm32f4xx_tim.o(.text)
    TIM_OC3PreloadConfig                     0x08003a3b   Thumb Code    18  stm32f4xx_tim.o(.text)
    TIM_OC4PreloadConfig                     0x08003a4d   Thumb Code    26  stm32f4xx_tim.o(.text)
    TIM_OC1FastConfig                        0x08003a67   Thumb Code    18  stm32f4xx_tim.o(.text)
    TIM_OC2FastConfig                        0x08003a79   Thumb Code    26  stm32f4xx_tim.o(.text)
    TIM_OC3FastConfig                        0x08003a93   Thumb Code    18  stm32f4xx_tim.o(.text)
    TIM_OC4FastConfig                        0x08003aa5   Thumb Code    26  stm32f4xx_tim.o(.text)
    TIM_ClearOC1Ref                          0x08003abf   Thumb Code    18  stm32f4xx_tim.o(.text)
    TIM_ClearOC2Ref                          0x08003ad1   Thumb Code    24  stm32f4xx_tim.o(.text)
    TIM_ClearOC3Ref                          0x08003ae9   Thumb Code    18  stm32f4xx_tim.o(.text)
    TIM_ClearOC4Ref                          0x08003afb   Thumb Code    24  stm32f4xx_tim.o(.text)
    TIM_OC1PolarityConfig                    0x08003b13   Thumb Code    18  stm32f4xx_tim.o(.text)
    TIM_OC1NPolarityConfig                   0x08003b25   Thumb Code    18  stm32f4xx_tim.o(.text)
    TIM_OC2PolarityConfig                    0x08003b37   Thumb Code    26  stm32f4xx_tim.o(.text)
    TIM_OC2NPolarityConfig                   0x08003b51   Thumb Code    26  stm32f4xx_tim.o(.text)
    TIM_OC3PolarityConfig                    0x08003b6b   Thumb Code    26  stm32f4xx_tim.o(.text)
    TIM_OC3NPolarityConfig                   0x08003b85   Thumb Code    26  stm32f4xx_tim.o(.text)
    TIM_OC4PolarityConfig                    0x08003b9f   Thumb Code    26  stm32f4xx_tim.o(.text)
    TIM_CCxCmd                               0x08003bb9   Thumb Code    30  stm32f4xx_tim.o(.text)
    TIM_CCxNCmd                              0x08003bd7   Thumb Code    30  stm32f4xx_tim.o(.text)
    TIM_SetIC4Prescaler                      0x08003bf5   Thumb Code    26  stm32f4xx_tim.o(.text)
    TIM_SetIC3Prescaler                      0x08003c5f   Thumb Code    18  stm32f4xx_tim.o(.text)
    TIM_SetIC2Prescaler                      0x08003cb9   Thumb Code    26  stm32f4xx_tim.o(.text)
    TIM_SetIC1Prescaler                      0x08003d2d   Thumb Code    18  stm32f4xx_tim.o(.text)
    TIM_ICInit                               0x08003d79   Thumb Code   110  stm32f4xx_tim.o(.text)
    TIM_ICStructInit                         0x08003de7   Thumb Code    18  stm32f4xx_tim.o(.text)
    TIM_PWMIConfig                           0x08003df9   Thumb Code   124  stm32f4xx_tim.o(.text)
    TIM_GetCapture1                          0x08003e75   Thumb Code     6  stm32f4xx_tim.o(.text)
    TIM_GetCapture2                          0x08003e7b   Thumb Code     6  stm32f4xx_tim.o(.text)
    TIM_GetCapture3                          0x08003e81   Thumb Code     6  stm32f4xx_tim.o(.text)
    TIM_GetCapture4                          0x08003e87   Thumb Code     6  stm32f4xx_tim.o(.text)
    TIM_BDTRConfig                           0x08003e8d   Thumb Code    32  stm32f4xx_tim.o(.text)
    TIM_BDTRStructInit                       0x08003ead   Thumb Code    18  stm32f4xx_tim.o(.text)
    TIM_CtrlPWMOutputs                       0x08003ebf   Thumb Code    30  stm32f4xx_tim.o(.text)
    TIM_SelectCOM                            0x08003edd   Thumb Code    24  stm32f4xx_tim.o(.text)
    TIM_CCPreloadControl                     0x08003ef5   Thumb Code    24  stm32f4xx_tim.o(.text)
    TIM_ITConfig                             0x08003f0d   Thumb Code    18  stm32f4xx_tim.o(.text)
    TIM_GenerateEvent                        0x08003f1f   Thumb Code     4  stm32f4xx_tim.o(.text)
    TIM_GetFlagStatus                        0x08003f23   Thumb Code    18  stm32f4xx_tim.o(.text)
    TIM_ClearFlag                            0x08003f35   Thumb Code     6  stm32f4xx_tim.o(.text)
    TIM_GetITStatus                          0x08003f3b   Thumb Code    34  stm32f4xx_tim.o(.text)
    TIM_ClearITPendingBit                    0x08003f5d   Thumb Code     6  stm32f4xx_tim.o(.text)
    TIM_DMAConfig                            0x08003f63   Thumb Code    10  stm32f4xx_tim.o(.text)
    TIM_DMACmd                               0x08003f6d   Thumb Code    18  stm32f4xx_tim.o(.text)
    TIM_SelectCCDMA                          0x08003f7f   Thumb Code    24  stm32f4xx_tim.o(.text)
    TIM_InternalClockConfig                  0x08003f97   Thumb Code    12  stm32f4xx_tim.o(.text)
    TIM_SelectInputTrigger                   0x08003fa3   Thumb Code    18  stm32f4xx_tim.o(.text)
    TIM_ITRxExternalClockConfig              0x08003fb5   Thumb Code    24  stm32f4xx_tim.o(.text)
    TIM_TIxExternalClockConfig               0x08003fcd   Thumb Code    62  stm32f4xx_tim.o(.text)
    TIM_ETRConfig                            0x0800400b   Thumb Code    28  stm32f4xx_tim.o(.text)
    TIM_ETRClockMode1Config                  0x08004027   Thumb Code    54  stm32f4xx_tim.o(.text)
    TIM_ETRClockMode2Config                  0x0800405d   Thumb Code    32  stm32f4xx_tim.o(.text)
    TIM_SelectOutputTrigger                  0x0800407d   Thumb Code    18  stm32f4xx_tim.o(.text)
    TIM_SelectSlaveMode                      0x0800408f   Thumb Code    18  stm32f4xx_tim.o(.text)
    TIM_SelectMasterSlaveMode                0x080040a1   Thumb Code    18  stm32f4xx_tim.o(.text)
    TIM_EncoderInterfaceConfig               0x080040b3   Thumb Code    66  stm32f4xx_tim.o(.text)
    TIM_SelectHallSensor                     0x080040f5   Thumb Code    24  stm32f4xx_tim.o(.text)
    TIM_RemapConfig                          0x0800410d   Thumb Code     6  stm32f4xx_tim.o(.text)
    EXTI_DeInit                              0x08004115   Thumb Code    28  stm32f4xx_exti.o(.text)
    EXTI_Init                                0x08004131   Thumb Code   142  stm32f4xx_exti.o(.text)
    EXTI_StructInit                          0x080041bf   Thumb Code    16  stm32f4xx_exti.o(.text)
    EXTI_GenerateSWInterrupt                 0x080041cf   Thumb Code    16  stm32f4xx_exti.o(.text)
    EXTI_GetFlagStatus                       0x080041df   Thumb Code    22  stm32f4xx_exti.o(.text)
    EXTI_ClearFlag                           0x080041f5   Thumb Code     8  stm32f4xx_exti.o(.text)
    EXTI_GetITStatus                         0x080041fd   Thumb Code    22  stm32f4xx_exti.o(.text)
    EXTI_ClearITPendingBit                   0x08004213   Thumb Code     8  stm32f4xx_exti.o(.text)
    RNG_DeInit                               0x08004225   Thumb Code    20  stm32f4xx_rng.o(.text)
    RNG_Cmd                                  0x08004239   Thumb Code    30  stm32f4xx_rng.o(.text)
    RNG_GetRandomNumber                      0x08004257   Thumb Code     8  stm32f4xx_rng.o(.text)
    RNG_ITConfig                             0x0800425f   Thumb Code    30  stm32f4xx_rng.o(.text)
    RNG_GetFlagStatus                        0x0800427d   Thumb Code    22  stm32f4xx_rng.o(.text)
    RNG_ClearFlag                            0x08004293   Thumb Code    12  stm32f4xx_rng.o(.text)
    RNG_GetITStatus                          0x0800429f   Thumb Code    22  stm32f4xx_rng.o(.text)
    RNG_ClearITPendingBit                    0x080042b5   Thumb Code    12  stm32f4xx_rng.o(.text)
    FLASH_SetLatency                         0x080042c5   Thumb Code     6  stm32f4xx_flash.o(.text)
    FLASH_PrefetchBufferCmd                  0x080042cb   Thumb Code    30  stm32f4xx_flash.o(.text)
    FLASH_InstructionCacheCmd                0x080042e9   Thumb Code    30  stm32f4xx_flash.o(.text)
    FLASH_DataCacheCmd                       0x08004307   Thumb Code    30  stm32f4xx_flash.o(.text)
    FLASH_InstructionCacheReset              0x08004325   Thumb Code    14  stm32f4xx_flash.o(.text)
    FLASH_DataCacheReset                     0x08004333   Thumb Code    14  stm32f4xx_flash.o(.text)
    FLASH_Unlock                             0x08004341   Thumb Code    26  stm32f4xx_flash.o(.text)
    FLASH_Lock                               0x0800435b   Thumb Code    18  stm32f4xx_flash.o(.text)
    FLASH_GetStatus                          0x0800436d   Thumb Code    90  stm32f4xx_flash.o(.text)
    FLASH_WaitForLastOperation               0x080043c7   Thumb Code    34  stm32f4xx_flash.o(.text)
    FLASH_EraseSector                        0x080043e9   Thumb Code   140  stm32f4xx_flash.o(.text)
    FLASH_EraseAllSectors                    0x08004475   Thumb Code   112  stm32f4xx_flash.o(.text)
    FLASH_EraseAllBank1Sectors               0x080044e5   Thumb Code   112  stm32f4xx_flash.o(.text)
    FLASH_EraseAllBank2Sectors               0x08004555   Thumb Code   112  stm32f4xx_flash.o(.text)
    FLASH_ProgramDoubleWord                  0x080045c5   Thumb Code    86  stm32f4xx_flash.o(.text)
    FLASH_ProgramWord                        0x0800461b   Thumb Code    82  stm32f4xx_flash.o(.text)
    FLASH_ProgramHalfWord                    0x0800466d   Thumb Code    96  stm32f4xx_flash.o(.text)
    FLASH_ProgramByte                        0x080046cd   Thumb Code    70  stm32f4xx_flash.o(.text)
    FLASH_OB_Unlock                          0x08004713   Thumb Code    26  stm32f4xx_flash.o(.text)
    FLASH_OB_Lock                            0x0800472d   Thumb Code    18  stm32f4xx_flash.o(.text)
    FLASH_OB_WRPConfig                       0x0800473f   Thumb Code    54  stm32f4xx_flash.o(.text)
    FLASH_OB_WRP1Config                      0x08004775   Thumb Code    54  stm32f4xx_flash.o(.text)
    FLASH_OB_PCROPSelectionConfig            0x080047ab   Thumb Code    24  stm32f4xx_flash.o(.text)
    FLASH_OB_PCROPConfig                     0x080047c3   Thumb Code    54  stm32f4xx_flash.o(.text)
    FLASH_OB_PCROP1Config                    0x080047f9   Thumb Code    54  stm32f4xx_flash.o(.text)
    FLASH_OB_RDPConfig                       0x0800482f   Thumb Code    24  stm32f4xx_flash.o(.text)
    FLASH_OB_UserConfig                      0x08004847   Thumb Code    46  stm32f4xx_flash.o(.text)
    FLASH_OB_BootConfig                      0x08004875   Thumb Code    26  stm32f4xx_flash.o(.text)
    FLASH_OB_BORConfig                       0x0800488f   Thumb Code    26  stm32f4xx_flash.o(.text)
    FLASH_OB_Launch                          0x080048a9   Thumb Code    30  stm32f4xx_flash.o(.text)
    FLASH_OB_GetUser                         0x080048c7   Thumb Code    12  stm32f4xx_flash.o(.text)
    FLASH_OB_GetWRP                          0x080048d3   Thumb Code     8  stm32f4xx_flash.o(.text)
    FLASH_OB_GetWRP1                         0x080048db   Thumb Code     8  stm32f4xx_flash.o(.text)
    FLASH_OB_GetPCROP                        0x080048e3   Thumb Code     8  stm32f4xx_flash.o(.text)
    FLASH_OB_GetPCROP1                       0x080048eb   Thumb Code     8  stm32f4xx_flash.o(.text)
    FLASH_OB_GetRDP                          0x080048f3   Thumb Code    20  stm32f4xx_flash.o(.text)
    FLASH_OB_GetBOR                          0x08004907   Thumb Code    12  stm32f4xx_flash.o(.text)
    FLASH_ITConfig                           0x08004913   Thumb Code    26  stm32f4xx_flash.o(.text)
    FLASH_GetFlagStatus                      0x0800492d   Thumb Code    22  stm32f4xx_flash.o(.text)
    FLASH_ClearFlag                          0x08004943   Thumb Code     8  stm32f4xx_flash.o(.text)
    ADC_DeInit                               0x08004959   Thumb Code    22  stm32f4xx_adc.o(.text)
    ADC_Init                                 0x0800496f   Thumb Code    74  stm32f4xx_adc.o(.text)
    ADC_StructInit                           0x080049b9   Thumb Code    20  stm32f4xx_adc.o(.text)
    ADC_CommonInit                           0x080049cd   Thumb Code    34  stm32f4xx_adc.o(.text)
    ADC_CommonStructInit                     0x080049ef   Thumb Code    12  stm32f4xx_adc.o(.text)
    ADC_Cmd                                  0x080049fb   Thumb Code    22  stm32f4xx_adc.o(.text)
    ADC_AnalogWatchdogCmd                    0x08004a11   Thumb Code    16  stm32f4xx_adc.o(.text)
    ADC_AnalogWatchdogThresholdsConfig       0x08004a21   Thumb Code     6  stm32f4xx_adc.o(.text)
    ADC_AnalogWatchdogSingleChannelConfig    0x08004a27   Thumb Code    16  stm32f4xx_adc.o(.text)
    ADC_TempSensorVrefintCmd                 0x08004a37   Thumb Code    34  stm32f4xx_adc.o(.text)
    ADC_VBATCmd                              0x08004a59   Thumb Code    34  stm32f4xx_adc.o(.text)
    ADC_RegularChannelConfig                 0x08004a7b   Thumb Code   184  stm32f4xx_adc.o(.text)
    ADC_SoftwareStartConv                    0x08004b33   Thumb Code    10  stm32f4xx_adc.o(.text)
    ADC_GetSoftwareStartConvStatus           0x08004b3d   Thumb Code    20  stm32f4xx_adc.o(.text)
    ADC_EOCOnEachRegularChannelCmd           0x08004b51   Thumb Code    22  stm32f4xx_adc.o(.text)
    ADC_ContinuousModeCmd                    0x08004b67   Thumb Code    22  stm32f4xx_adc.o(.text)
    ADC_DiscModeChannelCountConfig           0x08004b7d   Thumb Code    24  stm32f4xx_adc.o(.text)
    ADC_DiscModeCmd                          0x08004b95   Thumb Code    22  stm32f4xx_adc.o(.text)
    ADC_GetConversionValue                   0x08004bab   Thumb Code     8  stm32f4xx_adc.o(.text)
    ADC_GetMultiModeConversionValue          0x08004bb3   Thumb Code     8  stm32f4xx_adc.o(.text)
    ADC_DMACmd                               0x08004bbb   Thumb Code    22  stm32f4xx_adc.o(.text)
    ADC_DMARequestAfterLastTransferCmd       0x08004bd1   Thumb Code    22  stm32f4xx_adc.o(.text)
    ADC_MultiModeDMARequestAfterLastTransferCmd 0x08004be7   Thumb Code    34  stm32f4xx_adc.o(.text)
    ADC_InjectedChannelConfig                0x08004c09   Thumb Code   130  stm32f4xx_adc.o(.text)
    ADC_InjectedSequencerLengthConfig        0x08004c8b   Thumb Code    24  stm32f4xx_adc.o(.text)
    ADC_SetInjectedOffset                    0x08004ca3   Thumb Code    20  stm32f4xx_adc.o(.text)
    ADC_ExternalTrigInjectedConvConfig       0x08004cb7   Thumb Code    16  stm32f4xx_adc.o(.text)
    ADC_ExternalTrigInjectedConvEdgeConfig   0x08004cc7   Thumb Code    16  stm32f4xx_adc.o(.text)
    ADC_SoftwareStartInjectedConv            0x08004cd7   Thumb Code    10  stm32f4xx_adc.o(.text)
    ADC_GetSoftwareStartInjectedConvCmdStatus 0x08004ce1   Thumb Code    20  stm32f4xx_adc.o(.text)
    ADC_AutoInjectedConvCmd                  0x08004cf5   Thumb Code    22  stm32f4xx_adc.o(.text)
    ADC_InjectedDiscModeCmd                  0x08004d0b   Thumb Code    22  stm32f4xx_adc.o(.text)
    ADC_GetInjectedConversionValue           0x08004d21   Thumb Code    28  stm32f4xx_adc.o(.text)
    ADC_ITConfig                             0x08004d3d   Thumb Code    56  stm32f4xx_adc.o(.text)
    ADC_GetFlagStatus                        0x08004d75   Thumb Code    18  stm32f4xx_adc.o(.text)
    ADC_ClearFlag                            0x08004d87   Thumb Code     6  stm32f4xx_adc.o(.text)
    ADC_GetITStatus                          0x08004d8d   Thumb Code    38  stm32f4xx_adc.o(.text)
    ADC_ClearITPendingBit                    0x08004db3   Thumb Code    10  stm32f4xx_adc.o(.text)
    delay_init                               0x08004dbd   Thumb Code    52  delay.o(.text)
    delay_us                                 0x08004df1   Thumb Code    72  delay.o(.text)
    delay_xms                                0x08004e39   Thumb Code    72  delay.o(.text)
    delay_ms                                 0x08004e81   Thumb Code    56  delay.o(.text)
    MY_NVIC_SetVectorTable                   0x08004ec1   Thumb Code    12  sys.o(.text)
    MY_NVIC_PriorityGroupConfig              0x08004ecd   Thumb Code    36  sys.o(.text)
    MY_NVIC_Init                             0x08004ef1   Thumb Code   132  sys.o(.text)
    Ex_NVIC_Config                           0x08004f75   Thumb Code   168  sys.o(.text)
    GPIO_AF_Set                              0x0800501d   Thumb Code    64  sys.o(.text)
    GPIO_Set                                 0x0800505d   Thumb Code   222  sys.o(.text)
    WFI_SET                                  0x0800513b   Thumb Code     4  sys.o(.text)
    INTX_DISABLE                             0x0800513f   Thumb Code     4  sys.o(.text)
    INTX_ENABLE                              0x08005143   Thumb Code     4  sys.o(.text)
    Sys_Standby                              0x08005147   Thumb Code    72  sys.o(.text)
    Sys_Soft_Reset                           0x0800518f   Thumb Code    12  sys.o(.text)
    Sys_Clock_Set                            0x0800519b   Thumb Code   298  sys.o(.text)
    Stm32_Clock_Init                         0x080052c5   Thumb Code    90  sys.o(.text)
    _sys_exit                                0x0800532d   Thumb Code     4  usart.o(.text)
    fputc                                    0x08005331   Thumb Code    24  usart.o(.text)
    logPrintU4                               0x08005349   Thumb Code    40  usart.o(.text)
    ring_buffer_write                        0x08005371   Thumb Code    62  usart.o(.text)
    ring_buffer_read                         0x080053af   Thumb Code    66  usart.o(.text)
    MY_RX_DMA_Config                         0x080053f1   Thumb Code   140  usart.o(.text)
    MY_RX2_DMA_Config                        0x0800547d   Thumb Code   122  usart.o(.text)
    MY_TX_DMA_Config                         0x080054f7   Thumb Code   126  usart.o(.text)
    uart1_init                               0x08005575   Thumb Code   286  usart.o(.text)
    uart2_init                               0x08005693   Thumb Code   304  usart.o(.text)
    USART2_IRQHandler                        0x080057c3   Thumb Code   540  usart.o(.text)
    DMA2_Stream5_IRQHandler                  0x080059df   Thumb Code    52  usart.o(.text)
    DMA2_Stream7_IRQHandler                  0x08005a13   Thumb Code    40  usart.o(.text)
    DMA1_Stream6_IRQHandler                  0x08005a3b   Thumb Code    36  usart.o(.text)
    uart3_init                               0x08005a5f   Thumb Code   244  usart.o(.text)
    USART3_IRQHandler                        0x08005b53   Thumb Code   202  usart.o(.text)
    DMA1_Stream3_IRQHandler                  0x08005c1d   Thumb Code    34  usart.o(.text)
    uart4_init                               0x08005c3f   Thumb Code   246  usart.o(.text)
    UART4_IRQHandler                         0x08005d35   Thumb Code    26  usart.o(.text)
    DMA1_Stream4_IRQHandler                  0x08005d4f   Thumb Code    42  usart.o(.text)
    uart6_init                               0x08005d79   Thumb Code   244  usart.o(.text)
    USART6_IRQHandler                        0x08005e6d   Thumb Code   214  usart.o(.text)
    DMA2_Stream6_IRQHandler                  0x08005f43   Thumb Code    36  usart.o(.text)
    SD_SetDeviceMode                         0x08005fbd   Thumb Code    20  sdio_sdcard.o(.text)
    SDIO_Clock_Set                           0x08005fd1   Thumb Code    16  sdio_sdcard.o(.text)
    CmdResp1Error                            0x08005fe1   Thumb Code    94  sdio_sdcard.o(.text)
    SDIO_Send_Cmd                            0x0800603f   Thumb Code    42  sdio_sdcard.o(.text)
    SDIO_Send_Data_Cfg                       0x08006069   Thumb Code    52  sdio_sdcard.o(.text)
    FindSCR                                  0x0800609d   Thumb Code   356  sdio_sdcard.o(.text)
    SDEnWideBus                              0x08006201   Thumb Code   120  sdio_sdcard.o(.text)
    SD_EnableWideBusOperation                0x08006279   Thumb Code    94  sdio_sdcard.o(.text)
    SD_SelectDeselect                        0x080062d7   Thumb Code    22  sdio_sdcard.o(.text)
    SD_GetCardInfo                           0x080062ed   Thumb Code   790  sdio_sdcard.o(.text)
    CmdResp2Error                            0x08006603   Thumb Code    98  sdio_sdcard.o(.text)
    CmdResp6Error                            0x08006665   Thumb Code   156  sdio_sdcard.o(.text)
    SD_InitializeCards                       0x08006701   Thumb Code   276  sdio_sdcard.o(.text)
    CmdResp3Error                            0x08006815   Thumb Code    60  sdio_sdcard.o(.text)
    CmdResp7Error                            0x08006851   Thumb Code    90  sdio_sdcard.o(.text)
    CmdError                                 0x080068ab   Thumb Code    52  sdio_sdcard.o(.text)
    SD_PowerON                               0x080068df   Thumb Code   364  sdio_sdcard.o(.text)
    SD_Init                                  0x08006a4b   Thumb Code   350  sdio_sdcard.o(.text)
    SD_PowerOFF                              0x08006ba9   Thumb Code    20  sdio_sdcard.o(.text)
    SD_DMA_Config                            0x08006bbd   Thumb Code   184  sdio_sdcard.o(.text)
    convert_from_bytes_to_power_of_two       0x08006c75   Thumb Code    18  sdio_sdcard.o(.text)
    SD_ReadBlock                             0x08006c87   Thumb Code   556  sdio_sdcard.o(.text)
    SD_ReadMultiBlocks                       0x08006eb3   Thumb Code   702  sdio_sdcard.o(.text)
    IsCardProgramming                        0x08007171   Thumb Code   148  sdio_sdcard.o(.text)
    SD_WriteBlock                            0x08007205   Thumb Code   836  sdio_sdcard.o(.text)
    SD_WriteMultiBlocks                      0x08007549   Thumb Code   882  sdio_sdcard.o(.text)
    SD_ProcessIRQSrc                         0x080078bb   Thumb Code   334  sdio_sdcard.o(.text)
    SDIO_IRQHandler                          0x08007a09   Thumb Code     8  sdio_sdcard.o(.text)
    SD_SendStatus                            0x08007a11   Thumb Code    54  sdio_sdcard.o(.text)
    SD_GetState                              0x08007a47   Thumb Code    26  sdio_sdcard.o(.text)
    SD_ReadDisk                              0x08007a61   Thumb Code   152  sdio_sdcard.o(.text)
    SD_WriteDisk                             0x08007af9   Thumb Code   152  sdio_sdcard.o(.text)
    TIM2_Int_Init                            0x08007bad   Thumb Code    90  timer.o(.text)
    TIM2_IRQHandler                          0x08007c07   Thumb Code    44  timer.o(.text)
    TIM1_PWM_Init                            0x08007c33   Thumb Code   170  timer.o(.text)
    exti_func_init                           0x08007ced   Thumb Code   124  exti.o(.text)
    EXTI15_10_IRQHandler                     0x08007d69   Thumb Code    24  exti.o(.text)
    RNG_Init                                 0x08007d89   Thumb Code    62  rng.o(.text)
    RNG_Get_RandomNum                        0x08007dc7   Thumb Code    20  rng.o(.text)
    RNG_Get_RandomRange                      0x08007ddb   Thumb Code    26  rng.o(.text)
    Get_RandomArray                          0x08007df5   Thumb Code    40  rng.o(.text)
    STMFLASH_ReadWord                        0x08007e1d   Thumb Code     6  stmflash.o(.text)
    STMFLASH_GetFlashSector                  0x08007e23   Thumb Code   116  stmflash.o(.text)
    STMFLASH_Write                           0x08007e97   Thumb Code   146  stmflash.o(.text)
    STMFLASH_Erase                           0x08007f29   Thumb Code   108  stmflash.o(.text)
    STMFLASH_Read                            0x08007f95   Thumb Code    32  stmflash.o(.text)
    OnOffControl_Init                        0x08007fe5   Thumb Code   180  onoffcontrol.o(.text)
    Adc_Init                                 0x080080a1   Thumb Code   172  adc.o(.text)
    Get_Adc                                  0x0800814d   Thumb Code    44  adc.o(.text)
    Get_Adc_Average                          0x08008179   Thumb Code    46  adc.o(.text)
    Get_Temprate                             0x080081a7   Thumb Code   140  adc.o(.text)
    Get_TC1047_Temprate                      0x08008233   Thumb Code   116  adc.o(.text)
    TIM3_CH1_Cap_Init                        0x080082e1   Thumb Code   170  pwmcatch.o(.text)
    TIM3_IRQHandler                          0x0800838b   Thumb Code   254  pwmcatch.o(.text)
    TIM4_CH1_Cap_Init                        0x08008489   Thumb Code   164  pwmcatch.o(.text)
    TIM4_IRQHandler                          0x0800852d   Thumb Code   254  pwmcatch.o(.text)
    clust2sect                               0x08008817   Thumb Code    26  ff.o(.text)
    get_fat                                  0x08008831   Thumb Code   232  ff.o(.text)
    put_fat                                  0x08008919   Thumb Code   310  ff.o(.text)
    dir_sdi                                  0x08008bc3   Thumb Code   158  ff.o(.text)
    f_mount                                  0x08009c35   Thumb Code    86  ff.o(.text)
    f_open                                   0x08009c8b   Thumb Code   360  ff.o(.text)
    f_read                                   0x08009df3   Thumb Code   454  ff.o(.text)
    f_write                                  0x08009fb9   Thumb Code   490  ff.o(.text)
    f_sync                                   0x0800a1a3   Thumb Code   176  ff.o(.text)
    f_close                                  0x0800a253   Thumb Code    36  ff.o(.text)
    f_lseek                                  0x0800a277   Thumb Code   654  ff.o(.text)
    f_opendir                                0x0800a505   Thumb Code   114  ff.o(.text)
    f_closedir                               0x0800a577   Thumb Code    22  ff.o(.text)
    f_readdir                                0x0800a58d   Thumb Code    92  ff.o(.text)
    f_stat                                   0x0800a5e9   Thumb Code    64  ff.o(.text)
    f_getfree                                0x0800a629   Thumb Code   258  ff.o(.text)
    f_truncate                               0x0800a72b   Thumb Code   184  ff.o(.text)
    f_unlink                                 0x0800a7e3   Thumb Code   174  ff.o(.text)
    f_mkdir                                  0x0800a891   Thumb Code   360  ff.o(.text)
    f_chmod                                  0x0800a9f9   Thumb Code    88  ff.o(.text)
    f_utime                                  0x0800aa51   Thumb Code    90  ff.o(.text)
    f_rename                                 0x0800aaab   Thumb Code   288  ff.o(.text)
    f_getlabel                               0x0800abcb   Thumb Code   190  ff.o(.text)
    f_setlabel                               0x0800ac89   Thumb Code   492  ff.o(.text)
    f_mkfs                                   0x0800ae75   Thumb Code  1594  ff.o(.text)
    f_gets                                   0x0800b4af   Thumb Code    82  ff.o(.text)
    f_putc                                   0x0800b545   Thumb Code    64  ff.o(.text)
    f_puts                                   0x0800b585   Thumb Code    74  ff.o(.text)
    f_printf                                 0x0800b5cf   Thumb Code   632  ff.o(.text)
    ff_convert                               0x0800b849   Thumb Code   116  cc936.o(.text)
    ff_wtoupper                              0x0800b8bd   Thumb Code    46  cc936.o(.text)
    disk_initialize                          0x0800b8fd   Thumb Code    32  diskio.o(.text)
    disk_status                              0x0800b91d   Thumb Code     6  diskio.o(.text)
    disk_read                                0x0800b923   Thumb Code    86  diskio.o(.text)
    disk_write                               0x0800b979   Thumb Code    86  diskio.o(.text)
    disk_ioctl                               0x0800b9cf   Thumb Code   170  diskio.o(.text)
    get_fattime                              0x0800ba79   Thumb Code     4  diskio.o(.text)
    __use_no_semihosting                     0x0800ba85   Thumb Code     2  use_no_semi_2.o(.text)
    __aeabi_ldivmod                          0x0800ba87   Thumb Code     0  llsdiv.o(.text)
    _ll_sdiv                                 0x0800ba87   Thumb Code    72  llsdiv.o(.text)
    __2printf                                0x0800bad1   Thumb Code    20  noretval__2printf.o(.text)
    __2sprintf                               0x0800bae9   Thumb Code    34  noretval__2sprintf.o(.text)
    _printf_pre_padding                      0x0800bb11   Thumb Code    44  _printf_pad.o(.text)
    _printf_post_padding                     0x0800bb3d   Thumb Code    34  _printf_pad.o(.text)
    _printf_int_dec                          0x0800bb61   Thumb Code   104  _printf_dec.o(.text)
    _printf_int_hex                          0x0800bbd9   Thumb Code    84  _printf_hex_int.o(.text)
    _printf_longlong_hex                     0x0800bbd9   Thumb Code     0  _printf_hex_int.o(.text)
    __printf                                 0x0800bc31   Thumb Code   308  __printf_flags_wp.o(.text)
    memcmp                                   0x0800bd69   Thumb Code    88  memcmp.o(.text)
    __aeabi_memcpy                           0x0800bdc1   Thumb Code     0  rt_memcpy_v6.o(.text)
    __rt_memcpy                              0x0800bdc1   Thumb Code   138  rt_memcpy_v6.o(.text)
    _memcpy_lastbytes                        0x0800be27   Thumb Code     0  rt_memcpy_v6.o(.text)
    __aeabi_memcpy4                          0x0800be4b   Thumb Code     0  rt_memcpy_w.o(.text)
    __aeabi_memcpy8                          0x0800be4b   Thumb Code     0  rt_memcpy_w.o(.text)
    __rt_memcpy_w                            0x0800be4b   Thumb Code   100  rt_memcpy_w.o(.text)
    _memcpy_lastbytes_aligned                0x0800be93   Thumb Code     0  rt_memcpy_w.o(.text)
    __aeabi_memclr4                          0x0800beaf   Thumb Code     0  rt_memclr_w.o(.text)
    __aeabi_memclr8                          0x0800beaf   Thumb Code     0  rt_memclr_w.o(.text)
    __rt_memclr_w                            0x0800beaf   Thumb Code    78  rt_memclr_w.o(.text)
    _memset_w                                0x0800beb3   Thumb Code     0  rt_memclr_w.o(.text)
    __use_two_region_memory                  0x0800befd   Thumb Code     2  heapauxi.o(.text)
    __rt_heap_escrow$2region                 0x0800beff   Thumb Code     2  heapauxi.o(.text)
    __rt_heap_expand$2region                 0x0800bf01   Thumb Code     2  heapauxi.o(.text)
    __I$use$semihosting                      0x0800bf03   Thumb Code     0  use_no_semi.o(.text)
    __use_no_semihosting_swi                 0x0800bf03   Thumb Code     2  use_no_semi.o(.text)
    __aeabi_uldivmod                         0x0800bf05   Thumb Code     0  lludivv7m.o(.text)
    _ll_udiv                                 0x0800bf05   Thumb Code   238  lludivv7m.o(.text)
    _printf_int_common                       0x0800bff3   Thumb Code   178  _printf_intcommon.o(.text)
    __lib_sel_fp_printf                      0x0800c0a5   Thumb Code     2  _printf_fp_dec.o(.text)
    _printf_fp_dec_real                      0x0800c257   Thumb Code   620  _printf_fp_dec.o(.text)
    _printf_char_common                      0x0800c4cf   Thumb Code    32  _printf_char_common.o(.text)
    _sputc                                   0x0800c4f5   Thumb Code    10  _sputc.o(.text)
    _printf_char_file                        0x0800c501   Thumb Code    32  _printf_char_file.o(.text)
    __rt_locale                              0x0800c525   Thumb Code     8  rt_locale_intlibspace.o(.text)
    _ll_udiv10                               0x0800c52d   Thumb Code   138  lludiv10.o(.text)
    _printf_fp_infnan                        0x0800c5b9   Thumb Code   112  _printf_fp_infnan.o(.text)
    _btod_etento                             0x0800c639   Thumb Code   224  bigflt0.o(.text)
    ferror                                   0x0800c71d   Thumb Code     8  ferror.o(.text)
    __user_libspace                          0x0800c725   Thumb Code     8  libspace.o(.text)
    __user_perproc_libspace                  0x0800c725   Thumb Code     0  libspace.o(.text)
    __user_perthread_libspace                0x0800c725   Thumb Code     0  libspace.o(.text)
    __user_setup_stackheap                   0x0800c72d   Thumb Code    74  sys_stackheap_outer.o(.text)
    exit                                     0x0800c777   Thumb Code    18  exit.o(.text)
    strcmp                                   0x0800c789   Thumb Code   128  strcmpv7m.o(.text)
    _btod_d2e                                0x0800c809   Thumb Code    62  btod.o(CL$$btod_d2e)
    _d2e_denorm_low                          0x0800c847   Thumb Code    70  btod.o(CL$$btod_d2e_denorm_low)
    _d2e_norm_op1                            0x0800c88d   Thumb Code    96  btod.o(CL$$btod_d2e_norm_op1)
    __btod_div_common                        0x0800c8ed   Thumb Code   696  btod.o(CL$$btod_div_common)
    _e2e                                     0x0800cc25   Thumb Code   220  btod.o(CL$$btod_e2e)
    _btod_ediv                               0x0800cd01   Thumb Code    42  btod.o(CL$$btod_ediv)
    _btod_emul                               0x0800cd2b   Thumb Code    42  btod.o(CL$$btod_emul)
    __btod_mult_common                       0x0800cd55   Thumb Code   580  btod.o(CL$$btod_mult_common)
    __ARM_fpclassify                         0x0800cf99   Thumb Code    48  fpclassify.o(i.__ARM_fpclassify)
    _is_digit                                0x0800cfc9   Thumb Code    14  __printf_wp.o(i._is_digit)
    _get_lc_numeric                          0x0800cfd9   Thumb Code    44  lc_numeric_c.o(locale$$code)
    __aeabi_dadd                             0x0800d005   Thumb Code     0  daddsub_clz.o(x$fpl$dadd)
    _dadd                                    0x0800d005   Thumb Code   332  daddsub_clz.o(x$fpl$dadd)
    __fpl_dcmp_Inf                           0x0800d155   Thumb Code    24  dcmpi.o(x$fpl$dcmpinf)
    __aeabi_ddiv                             0x0800d16d   Thumb Code     0  ddiv.o(x$fpl$ddiv)
    _ddiv                                    0x0800d16d   Thumb Code   552  ddiv.o(x$fpl$ddiv)
    __aeabi_d2iz                             0x0800d41d   Thumb Code     0  dfix.o(x$fpl$dfix)
    _dfix                                    0x0800d41d   Thumb Code    94  dfix.o(x$fpl$dfix)
    __aeabi_i2d                              0x0800d47b   Thumb Code     0  dflt_clz.o(x$fpl$dflt)
    _dflt                                    0x0800d47b   Thumb Code    46  dflt_clz.o(x$fpl$dflt)
    __aeabi_ui2d                             0x0800d4a9   Thumb Code     0  dflt_clz.o(x$fpl$dfltu)
    _dfltu                                   0x0800d4a9   Thumb Code    38  dflt_clz.o(x$fpl$dfltu)
    __aeabi_cdcmple                          0x0800d4d1   Thumb Code     0  dleqf.o(x$fpl$dleqf)
    _dcmple                                  0x0800d4d1   Thumb Code   120  dleqf.o(x$fpl$dleqf)
    __fpl_dcmple_InfNaN                      0x0800d533   Thumb Code     0  dleqf.o(x$fpl$dleqf)
    __aeabi_dmul                             0x0800d549   Thumb Code     0  dmul.o(x$fpl$dmul)
    _dmul                                    0x0800d549   Thumb Code   332  dmul.o(x$fpl$dmul)
    __fpl_dnaninf                            0x0800d69d   Thumb Code   156  dnaninf.o(x$fpl$dnaninf)
    __fpl_dretinf                            0x0800d739   Thumb Code    12  dretinf.o(x$fpl$dretinf)
    __aeabi_cdrcmple                         0x0800d745   Thumb Code     0  drleqf.o(x$fpl$drleqf)
    _drcmple                                 0x0800d745   Thumb Code   108  drleqf.o(x$fpl$drleqf)
    __aeabi_drsub                            0x0800d7b1   Thumb Code     0  daddsub_clz.o(x$fpl$drsb)
    _drsb                                    0x0800d7b1   Thumb Code    22  daddsub_clz.o(x$fpl$drsb)
    __aeabi_dsub                             0x0800d7c9   Thumb Code     0  daddsub_clz.o(x$fpl$dsub)
    _dsub                                    0x0800d7c9   Thumb Code   464  daddsub_clz.o(x$fpl$dsub)
    __aeabi_f2d                              0x0800d99d   Thumb Code     0  f2d.o(x$fpl$f2d)
    _f2d                                     0x0800d99d   Thumb Code    86  f2d.o(x$fpl$f2d)
    __fpl_fnaninf                            0x0800d9f3   Thumb Code   140  fnaninf.o(x$fpl$fnaninf)
    _fp_init                                 0x0800da7f   Thumb Code    10  fpinit.o(x$fpl$fpinit)
    __fplib_config_fpu_vfp                   0x0800da87   Thumb Code     0  fpinit.o(x$fpl$fpinit)
    __fplib_config_pureend_doubles           0x0800da87   Thumb Code     0  fpinit.o(x$fpl$fpinit)
    _printf_fp_dec                           0x0800da89   Thumb Code     4  printf1.o(x$fpl$printf1)
    __I$use$fp                               0x0800da8c   Number         0  usenofp.o(x$fpl$usenofp)
    Region$$Table$$Base                      0x080388a0   Number         0  anon$$obj.o(Region$$Table)
    Region$$Table$$Limit                     0x080388c0   Number         0  anon$$obj.o(Region$$Table)
    bw                                       0x20000000   Data           4  main.o(.data)
    file_record_flag                         0x20000004   Data           1  main.o(.data)
    storage_status                           0x20000005   Data           1  main.o(.data)
    record_enable                            0x20000006   Data           1  main.o(.data)
    power_ctrl_auto                          0x20000007   Data           1  main.o(.data)
    MYADDR                                   0x20000008   Data           1  main.o(.data)
    command_MYADDR                           0x20000009   Data           4  main.o(.data)
    selfcheckStep                            0x2000000d   Data           1  main.o(.data)
    selfCheckState                           0x2000000e   Data           1  main.o(.data)
    adcx                                     0x20000010   Data           2  main.o(.data)
    adc_double                               0x20000018   Data           8  main.o(.data)
    check_status                             0x20000020   Data           1  main.o(.data)
    cnt_num                                  0x20000022   Data           2  main.o(.data)
    checksum                                 0x20000024   Data           1  main.o(.data)
    checksum_num                             0x20000025   Data           1  main.o(.data)
    P_rec_num                                0x20000026   Data           1  main.o(.data)
    gps_lon_tgt                              0x20000028   Data           4  main.o(.data)
    gps_lat_tgt                              0x2000002c   Data           4  main.o(.data)
    gps_lon_now                              0x20000030   Data           4  main.o(.data)
    gps_lat_now                              0x20000034   Data           4  main.o(.data)
    gps_hight_now                            0x20000038   Data           2  main.o(.data)
    time_hour                                0x2000003a   Data           1  main.o(.data)
    time_min                                 0x2000003b   Data           1  main.o(.data)
    time_s                                   0x2000003c   Data           2  main.o(.data)
    uart2_rec_num                            0x2000003e   Data           2  main.o(.data)
    float_gps_lon_now                        0x20000040   Data           4  main.o(.data)
    float_gps_lat_now                        0x20000044   Data           4  main.o(.data)
    float_gps_hight_now                      0x20000048   Data           4  main.o(.data)
    temp_int                                 0x2000004c   Data           4  main.o(.data)
    self_check_state                         0x20000050   Data           1  main.o(.data)
    command_style_back                       0x20000051   Data           1  main.o(.data)
    work_state                               0x20000052   Data           1  main.o(.data)
    double_rec_laser_fre                     0x20000058   Data           8  main.o(.data)
    rec_laser_fre                            0x20000060   Data           2  main.o(.data)
    double_repeat_cycle                      0x20000068   Data           8  main.o(.data)
    repeat_cycle                             0x20000070   Data           2  main.o(.data)
    double_pulse_width                       0x20000078   Data           8  main.o(.data)
    pulse_width                              0x20000080   Data           2  main.o(.data)
    double_machine_temperature               0x20000088   Data           8  main.o(.data)
    machine_temperature                      0x20000090   Data           1  main.o(.data)
    work_time                                0x20000091   Data           1  main.o(.data)
    send_enable                              0x20000092   Data           1  main.o(.data)
    set_flag                                 0x20000093   Data           1  main.o(.data)
    reset_wb_flag                            0x20000094   Data           1  main.o(.data)
    SystemCoreClock                          0x20000098   Data           4  system_stm32f4xx.o(.data)
    AHBPrescTable                            0x2000009c   Data          16  system_stm32f4xx.o(.data)
    uart3_tx_buffer                          0x200000c0   Data           4  usart.o(.data)
    uart4_tx_buffer                          0x200000c4   Data        1024  usart.o(.data)
    irqCount                                 0x200004c4   Data           4  usart.o(.data)
    uart2_tx_buffer                          0x200004c8   Data        1024  usart.o(.data)
    uart2_temp_buffer                        0x200008c8   Data        1024  usart.o(.data)
    uart2_jiexi_buffer                       0x20000cc8   Data         100  usart.o(.data)
    uart1_tx_buffer                          0x20000d2c   Data         220  usart.o(.data)
    u1_tx_idle                               0x20000e08   Data           1  usart.o(.data)
    u2_tx_idle                               0x20000e09   Data           1  usart.o(.data)
    u3_tx_idle                               0x20000e0a   Data           1  usart.o(.data)
    u4_tx_idle                               0x20000e0b   Data           1  usart.o(.data)
    u6_tx_idle                               0x20000e0c   Data           1  usart.o(.data)
    uart2To6Len                              0x20000e0e   Data           2  usart.o(.data)
    uart6To2Len                              0x20000e10   Data           2  usart.o(.data)
    byte_read_u4                             0x20000e12   Data           2  usart.o(.data)
    byte_read_u6                             0x20000e14   Data           2  usart.o(.data)
    ganRaojPower                             0x20000e16   Data           1  usart.o(.data)
    ganRaojFlag                              0x20000e17   Data           1  usart.o(.data)
    fashejiPwer                              0x20000e18   Data           1  usart.o(.data)
    __stdout                                 0x20000e1c   Data           4  usart.o(.data)
    uart2_rec_flag                           0x20000e20   Data           1  usart.o(.data)
    rec_len                                  0x20000e22   Data           2  usart.o(.data)
    rec_ding_len                             0x20000e24   Data           2  usart.o(.data)
    uart1_rec_flag                           0x20000e26   Data           1  usart.o(.data)
    uart6_rec_flag                           0x20000e27   Data           1  usart.o(.data)
    u6_rec_len                               0x20000e28   Data           2  usart.o(.data)
    TransferError                            0x20000e36   Data           1  sdio_sdcard.o(.data)
    TransferEnd                              0x20000e37   Data           1  sdio_sdcard.o(.data)
    tempbuff                                 0x20000e38   Data           4  sdio_sdcard.o(.data)
    cnt_t                                    0x20000e3c   Data           4  timer.o(.data)
    cnt_t_old                                0x20000e40   Data           4  timer.o(.data)
    cnt_t_record_old                         0x20000e44   Data           4  timer.o(.data)
    cnt_UAV_Run                              0x20000e48   Data           4  timer.o(.data)
    cnt_UAV_Run_old                          0x20000e4c   Data           4  timer.o(.data)
    ICPolarity_state                         0x20000e50   Data           1  pwmcatch.o(.data)
    TIM3CH1_CAPTURE_STA                      0x20000e51   Data           1  pwmcatch.o(.data)
    TIM3CH1_CAPTURE_VAL                      0x20000e54   Data           4  pwmcatch.o(.data)
    TIM3CH1_CAPTURE_VAL1                     0x20000e58   Data           4  pwmcatch.o(.data)
    TIM3CH1_CAPTURE_VAL2                     0x20000e5c   Data           4  pwmcatch.o(.data)
    TIM3CH1_One_cycle                        0x20000e60   Data           1  pwmcatch.o(.data)
    TIM3CH1_nums                             0x20000e64   Data           4  pwmcatch.o(.data)
    TIM4CH1_CAPTURE_STA                      0x20000e68   Data           1  pwmcatch.o(.data)
    TIM4CH1_CAPTURE_VAL1                     0x20000e6c   Data           4  pwmcatch.o(.data)
    TIM4CH1_CAPTURE_VAL2                     0x20000e70   Data           4  pwmcatch.o(.data)
    TIM4CH1_One_cycle                        0x20000e74   Data           1  pwmcatch.o(.data)
    TIM4CH1_nums                             0x20000e78   Data           4  pwmcatch.o(.data)
    FLASH_SECTOR_COUNT                       0x20000e7e   Data           2  diskio.o(.data)
    fs                                       0x20000e80   Data         560  main.o(.bss)
    file                                     0x200010b0   Data         552  main.o(.bss)
    fileinfo                                 0x200012d8   Data          32  main.o(.bss)
    dir                                      0x200012f8   Data          36  main.o(.bss)
    command_flash                            0x2000131c   Data         220  main.o(.bss)
    datatemp                                 0x200013f8   Data         220  main.o(.bss)
    uart1_rx_buffer0                         0x200014d4   Data          37  usart.o(.bss)
    uart1_rx_buffer1                         0x200014fc   Data          37  usart.o(.bss)
    uart2_rx_buffer                          0x20001524   Data        1024  usart.o(.bss)
    uart2_rx_buffer1                         0x20001924   Data        1024  usart.o(.bss)
    uart3_rx_buffer                          0x20001d24   Data         100  usart.o(.bss)
    uart4_rx_buffer                          0x20001d88   Data         100  usart.o(.bss)
    uart6_rx_buffer                          0x20001dec   Data         300  usart.o(.bss)
    uart6_temp_rx_buff                       0x20001f18   Data         300  usart.o(.bss)
    uart6_tx_buffer                          0x20002044   Data         300  usart.o(.bss)
    parameters                               0x20002170   Data        1024  usart.o(.bss)
    ALL_parameters                           0x20002570   Data       10000  usart.o(.bss)
    ALL_parameters_yanzheng                  0x20004c80   Data       10000  usart.o(.bss)
    usart2_rx_fifo                           0x20007390   Data        4104  usart.o(.bss)
    usart2_rx_fifo1                          0x20008398   Data        4104  usart.o(.bss)
    SDCardInfo                               0x200093c0   Data          88  sdio_sdcard.o(.bss)
    SDIO_DATA_BUFFER                         0x20009418   Data         512  sdio_sdcard.o(.bss)
    TIM3_ICInitStructure                     0x20009618   Data          10  pwmcatch.o(.bss)
    TIM4_ICInitStructure                     0x20009622   Data          10  pwmcatch.o(.bss)
    __libspace_start                         0x20009838   Data          96  libspace.o(.bss)
    __temporary_stack_top$libspace           0x20009898   Data           0  libspace.o(.bss)



==============================================================================

Memory Map of the image

  Image Entry point : 0x08000189

  Load Region LR_IROM1 (Base: 0x08000000, Size: 0x0003975c, Max: 0x00100000, ABSOLUTE, COMPRESSED[0x00038938])

    Execution Region ER_IROM1 (Exec base: 0x08000000, Load base: 0x08000000, Size: 0x000388dc, Max: 0x00100000, ABSOLUTE)

    Exec Addr    Load Addr    Size         Type   Attr      Idx    E Section Name        Object

    0x08000000   0x08000000   0x00000188   Data   RO          243    RESET               startup_stm32f40_41xxx.o
    0x08000188   0x08000188   0x00000008   Code   RO          975  * !!!main             c_w.l(__main.o)
    0x08000190   0x08000190   0x00000034   Code   RO         1245    !!!scatter          c_w.l(__scatter.o)
    0x080001c4   0x080001c4   0x0000005a   Code   RO         1243    !!dczerorl2         c_w.l(__dczerorl2.o)
    0x0800021e   0x0800021e   0x00000002   PAD
    0x08000220   0x08000220   0x0000001c   Code   RO         1247    !!handler_zi        c_w.l(__scatter_zi.o)
    0x0800023c   0x0800023c   0x00000000   Code   RO          964    .ARM.Collect$$_printf_percent$$00000000  c_w.l(_printf_percent.o)
    0x0800023c   0x0800023c   0x00000006   Code   RO          963    .ARM.Collect$$_printf_percent$$00000003  c_w.l(_printf_f.o)
    0x08000242   0x08000242   0x00000006   Code   RO          962    .ARM.Collect$$_printf_percent$$00000009  c_w.l(_printf_d.o)
    0x08000248   0x08000248   0x00000006   Code   RO          961    .ARM.Collect$$_printf_percent$$0000000C  c_w.l(_printf_x.o)
    0x0800024e   0x0800024e   0x00000004   Code   RO         1020    .ARM.Collect$$_printf_percent$$00000017  c_w.l(_printf_percent_end.o)
    0x08000252   0x08000252   0x00000002   Code   RO         1114    .ARM.Collect$$libinit$$00000000  c_w.l(libinit.o)
    0x08000254   0x08000254   0x00000004   Code   RO         1115    .ARM.Collect$$libinit$$00000001  c_w.l(libinit2.o)
    0x08000258   0x08000258   0x00000000   Code   RO         1118    .ARM.Collect$$libinit$$00000004  c_w.l(libinit2.o)
    0x08000258   0x08000258   0x00000000   Code   RO         1121    .ARM.Collect$$libinit$$0000000A  c_w.l(libinit2.o)
    0x08000258   0x08000258   0x00000000   Code   RO         1123    .ARM.Collect$$libinit$$0000000C  c_w.l(libinit2.o)
    0x08000258   0x08000258   0x00000000   Code   RO         1125    .ARM.Collect$$libinit$$0000000E  c_w.l(libinit2.o)
    0x08000258   0x08000258   0x00000006   Code   RO         1126    .ARM.Collect$$libinit$$0000000F  c_w.l(libinit2.o)
    0x0800025e   0x0800025e   0x00000000   Code   RO         1128    .ARM.Collect$$libinit$$00000011  c_w.l(libinit2.o)
    0x0800025e   0x0800025e   0x00000000   Code   RO         1130    .ARM.Collect$$libinit$$00000013  c_w.l(libinit2.o)
    0x0800025e   0x0800025e   0x00000000   Code   RO         1132    .ARM.Collect$$libinit$$00000015  c_w.l(libinit2.o)
    0x0800025e   0x0800025e   0x0000000a   Code   RO         1133    .ARM.Collect$$libinit$$00000016  c_w.l(libinit2.o)
    0x08000268   0x08000268   0x00000000   Code   RO         1134    .ARM.Collect$$libinit$$00000017  c_w.l(libinit2.o)
    0x08000268   0x08000268   0x00000000   Code   RO         1136    .ARM.Collect$$libinit$$00000019  c_w.l(libinit2.o)
    0x08000268   0x08000268   0x00000000   Code   RO         1138    .ARM.Collect$$libinit$$0000001B  c_w.l(libinit2.o)
    0x08000268   0x08000268   0x00000000   Code   RO         1140    .ARM.Collect$$libinit$$0000001D  c_w.l(libinit2.o)
    0x08000268   0x08000268   0x00000000   Code   RO         1142    .ARM.Collect$$libinit$$0000001F  c_w.l(libinit2.o)
    0x08000268   0x08000268   0x00000000   Code   RO         1144    .ARM.Collect$$libinit$$00000021  c_w.l(libinit2.o)
    0x08000268   0x08000268   0x00000000   Code   RO         1146    .ARM.Collect$$libinit$$00000023  c_w.l(libinit2.o)
    0x08000268   0x08000268   0x00000000   Code   RO         1148    .ARM.Collect$$libinit$$00000025  c_w.l(libinit2.o)
    0x08000268   0x08000268   0x00000000   Code   RO         1152    .ARM.Collect$$libinit$$0000002C  c_w.l(libinit2.o)
    0x08000268   0x08000268   0x00000000   Code   RO         1154    .ARM.Collect$$libinit$$0000002E  c_w.l(libinit2.o)
    0x08000268   0x08000268   0x00000000   Code   RO         1156    .ARM.Collect$$libinit$$00000030  c_w.l(libinit2.o)
    0x08000268   0x08000268   0x00000000   Code   RO         1158    .ARM.Collect$$libinit$$00000032  c_w.l(libinit2.o)
    0x08000268   0x08000268   0x00000002   Code   RO         1159    .ARM.Collect$$libinit$$00000033  c_w.l(libinit2.o)
    0x0800026a   0x0800026a   0x00000002   Code   RO         1201    .ARM.Collect$$libshutdown$$00000000  c_w.l(libshutdown.o)
    0x0800026c   0x0800026c   0x00000000   Code   RO         1210    .ARM.Collect$$libshutdown$$00000002  c_w.l(libshutdown2.o)
    0x0800026c   0x0800026c   0x00000000   Code   RO         1212    .ARM.Collect$$libshutdown$$00000004  c_w.l(libshutdown2.o)
    0x0800026c   0x0800026c   0x00000000   Code   RO         1214    .ARM.Collect$$libshutdown$$00000006  c_w.l(libshutdown2.o)
    0x0800026c   0x0800026c   0x00000000   Code   RO         1217    .ARM.Collect$$libshutdown$$00000009  c_w.l(libshutdown2.o)
    0x0800026c   0x0800026c   0x00000000   Code   RO         1220    .ARM.Collect$$libshutdown$$0000000C  c_w.l(libshutdown2.o)
    0x0800026c   0x0800026c   0x00000000   Code   RO         1222    .ARM.Collect$$libshutdown$$0000000E  c_w.l(libshutdown2.o)
    0x0800026c   0x0800026c   0x00000000   Code   RO         1225    .ARM.Collect$$libshutdown$$00000011  c_w.l(libshutdown2.o)
    0x0800026c   0x0800026c   0x00000002   Code   RO         1226    .ARM.Collect$$libshutdown$$00000012  c_w.l(libshutdown2.o)
    0x0800026e   0x0800026e   0x00000000   Code   RO         1007    .ARM.Collect$$rtentry$$00000000  c_w.l(__rtentry.o)
    0x0800026e   0x0800026e   0x00000000   Code   RO         1031    .ARM.Collect$$rtentry$$00000002  c_w.l(__rtentry2.o)
    0x0800026e   0x0800026e   0x00000006   Code   RO         1043    .ARM.Collect$$rtentry$$00000004  c_w.l(__rtentry4.o)
    0x08000274   0x08000274   0x00000000   Code   RO         1033    .ARM.Collect$$rtentry$$00000009  c_w.l(__rtentry2.o)
    0x08000274   0x08000274   0x00000004   Code   RO         1034    .ARM.Collect$$rtentry$$0000000A  c_w.l(__rtentry2.o)
    0x08000278   0x08000278   0x00000000   Code   RO         1036    .ARM.Collect$$rtentry$$0000000C  c_w.l(__rtentry2.o)
    0x08000278   0x08000278   0x00000008   Code   RO         1037    .ARM.Collect$$rtentry$$0000000D  c_w.l(__rtentry2.o)
    0x08000280   0x08000280   0x00000002   Code   RO         1160    .ARM.Collect$$rtexit$$00000000  c_w.l(rtexit.o)
    0x08000282   0x08000282   0x00000000   Code   RO         1171    .ARM.Collect$$rtexit$$00000002  c_w.l(rtexit2.o)
    0x08000282   0x08000282   0x00000004   Code   RO         1172    .ARM.Collect$$rtexit$$00000003  c_w.l(rtexit2.o)
    0x08000286   0x08000286   0x00000006   Code   RO         1173    .ARM.Collect$$rtexit$$00000004  c_w.l(rtexit2.o)
    0x0800028c   0x0800028c   0x00001d14   Code   RO            3    .text               main.o
    0x08001fa0   0x08001fa0   0x0000001a   Code   RO          194    .text               stm32f4xx_it.o
    0x08001fba   0x08001fba   0x00000002   PAD
    0x08001fbc   0x08001fbc   0x00000210   Code   RO          217    .text               system_stm32f4xx.o
    0x080021cc   0x080021cc   0x00000040   Code   RO          244    .text               startup_stm32f40_41xxx.o
    0x0800220c   0x0800220c   0x000000e0   Code   RO          250    .text               misc.o
    0x080022ec   0x080022ec   0x00000294   Code   RO          296    .text               stm32f4xx_gpio.o
    0x08002580   0x08002580   0x0000065c   Code   RO          316    .text               stm32f4xx_rcc.o
    0x08002bdc   0x08002bdc   0x00000094   Code   RO          358    .text               stm32f4xx_syscfg.o
    0x08002c70   0x08002c70   0x00000458   Code   RO          378    .text               stm32f4xx_usart.o
    0x080030c8   0x080030c8   0x000003a8   Code   RO          398    .text               stm32f4xx_dma.o
    0x08003470   0x08003470   0x00000ca2   Code   RO          418    .text               stm32f4xx_tim.o
    0x08004112   0x08004112   0x00000002   PAD
    0x08004114   0x08004114   0x00000110   Code   RO          438    .text               stm32f4xx_exti.o
    0x08004224   0x08004224   0x000000a0   Code   RO          458    .text               stm32f4xx_rng.o
    0x080042c4   0x080042c4   0x00000694   Code   RO          478    .text               stm32f4xx_flash.o
    0x08004958   0x08004958   0x00000464   Code   RO          498    .text               stm32f4xx_adc.o
    0x08004dbc   0x08004dbc   0x00000104   Code   RO          518    .text               delay.o
    0x08004ec0   0x08004ec0   0x0000046c   Code   RO          541    .text               sys.o
    0x0800532c   0x0800532c   0x00000c90   Code   RO          564    .text               usart.o
    0x08005fbc   0x08005fbc   0x00001bf0   Code   RO          637    .text               sdio_sdcard.o
    0x08007bac   0x08007bac   0x00000140   Code   RO          675    .text               timer.o
    0x08007cec   0x08007cec   0x0000009c   Code   RO          703    .text               exti.o
    0x08007d88   0x08007d88   0x00000094   Code   RO          723    .text               rng.o
    0x08007e1c   0x08007e1c   0x000001c8   Code   RO          743    .text               stmflash.o
    0x08007fe4   0x08007fe4   0x000000bc   Code   RO          763    .text               onoffcontrol.o
    0x080080a0   0x080080a0   0x00000240   Code   RO          783    .text               adc.o
    0x080082e0   0x080082e0   0x00000388   Code   RO          803    .text               pwmcatch.o
    0x08008668   0x08008668   0x000031de   Code   RO          825    .text               ff.o
    0x0800b846   0x0800b846   0x00000002   PAD
    0x0800b848   0x0800b848   0x000000b4   Code   RO          850    .text               cc936.o
    0x0800b8fc   0x0800b8fc   0x00000188   Code   RO          875    .text               diskio.o
    0x0800ba84   0x0800ba84   0x00000002   Code   RO          902    .text               c_w.l(use_no_semi_2.o)
    0x0800ba86   0x0800ba86   0x00000048   Code   RO          904    .text               c_w.l(llsdiv.o)
    0x0800bace   0x0800bace   0x00000002   PAD
    0x0800bad0   0x0800bad0   0x00000018   Code   RO          910    .text               c_w.l(noretval__2printf.o)
    0x0800bae8   0x0800bae8   0x00000028   Code   RO          912    .text               c_w.l(noretval__2sprintf.o)
    0x0800bb10   0x0800bb10   0x0000004e   Code   RO          916    .text               c_w.l(_printf_pad.o)
    0x0800bb5e   0x0800bb5e   0x00000002   PAD
    0x0800bb60   0x0800bb60   0x00000078   Code   RO          918    .text               c_w.l(_printf_dec.o)
    0x0800bbd8   0x0800bbd8   0x00000058   Code   RO          923    .text               c_w.l(_printf_hex_int.o)
    0x0800bc30   0x0800bc30   0x00000138   Code   RO          953    .text               c_w.l(__printf_flags_wp.o)
    0x0800bd68   0x0800bd68   0x00000058   Code   RO          965    .text               c_w.l(memcmp.o)
    0x0800bdc0   0x0800bdc0   0x0000008a   Code   RO          967    .text               c_w.l(rt_memcpy_v6.o)
    0x0800be4a   0x0800be4a   0x00000064   Code   RO          969    .text               c_w.l(rt_memcpy_w.o)
    0x0800beae   0x0800beae   0x0000004e   Code   RO          971    .text               c_w.l(rt_memclr_w.o)
    0x0800befc   0x0800befc   0x00000006   Code   RO          973    .text               c_w.l(heapauxi.o)
    0x0800bf02   0x0800bf02   0x00000002   Code   RO         1005    .text               c_w.l(use_no_semi.o)
    0x0800bf04   0x0800bf04   0x000000ee   Code   RO         1008    .text               c_w.l(lludivv7m.o)
    0x0800bff2   0x0800bff2   0x000000b2   Code   RO         1010    .text               c_w.l(_printf_intcommon.o)
    0x0800c0a4   0x0800c0a4   0x0000041e   Code   RO         1012    .text               c_w.l(_printf_fp_dec.o)
    0x0800c4c2   0x0800c4c2   0x00000002   PAD
    0x0800c4c4   0x0800c4c4   0x00000030   Code   RO         1014    .text               c_w.l(_printf_char_common.o)
    0x0800c4f4   0x0800c4f4   0x0000000a   Code   RO         1016    .text               c_w.l(_sputc.o)
    0x0800c4fe   0x0800c4fe   0x00000002   PAD
    0x0800c500   0x0800c500   0x00000024   Code   RO         1018    .text               c_w.l(_printf_char_file.o)
    0x0800c524   0x0800c524   0x00000008   Code   RO         1052    .text               c_w.l(rt_locale_intlibspace.o)
    0x0800c52c   0x0800c52c   0x0000008a   Code   RO         1054    .text               c_w.l(lludiv10.o)
    0x0800c5b6   0x0800c5b6   0x00000002   PAD
    0x0800c5b8   0x0800c5b8   0x00000080   Code   RO         1056    .text               c_w.l(_printf_fp_infnan.o)
    0x0800c638   0x0800c638   0x000000e4   Code   RO         1060    .text               c_w.l(bigflt0.o)
    0x0800c71c   0x0800c71c   0x00000008   Code   RO         1085    .text               c_w.l(ferror.o)
    0x0800c724   0x0800c724   0x00000008   Code   RO         1098    .text               c_w.l(libspace.o)
    0x0800c72c   0x0800c72c   0x0000004a   Code   RO         1101    .text               c_w.l(sys_stackheap_outer.o)
    0x0800c776   0x0800c776   0x00000012   Code   RO         1105    .text               c_w.l(exit.o)
    0x0800c788   0x0800c788   0x00000080   Code   RO         1107    .text               c_w.l(strcmpv7m.o)
    0x0800c808   0x0800c808   0x0000003e   Code   RO         1063    CL$$btod_d2e        c_w.l(btod.o)
    0x0800c846   0x0800c846   0x00000046   Code   RO         1065    CL$$btod_d2e_denorm_low  c_w.l(btod.o)
    0x0800c88c   0x0800c88c   0x00000060   Code   RO         1064    CL$$btod_d2e_norm_op1  c_w.l(btod.o)
    0x0800c8ec   0x0800c8ec   0x00000338   Code   RO         1073    CL$$btod_div_common  c_w.l(btod.o)
    0x0800cc24   0x0800cc24   0x000000dc   Code   RO         1070    CL$$btod_e2e        c_w.l(btod.o)
    0x0800cd00   0x0800cd00   0x0000002a   Code   RO         1067    CL$$btod_ediv       c_w.l(btod.o)
    0x0800cd2a   0x0800cd2a   0x0000002a   Code   RO         1066    CL$$btod_emul       c_w.l(btod.o)
    0x0800cd54   0x0800cd54   0x00000244   Code   RO         1072    CL$$btod_mult_common  c_w.l(btod.o)
    0x0800cf98   0x0800cf98   0x00000030   Code   RO         1096    i.__ARM_fpclassify  m_wm.l(fpclassify.o)
    0x0800cfc8   0x0800cfc8   0x0000000e   Code   RO          951    i._is_digit         c_w.l(__printf_wp.o)
    0x0800cfd6   0x0800cfd6   0x00000002   PAD
    0x0800cfd8   0x0800cfd8   0x0000002c   Code   RO         1090    locale$$code        c_w.l(lc_numeric_c.o)
    0x0800d004   0x0800d004   0x00000150   Code   RO          977    x$fpl$dadd          fz_wm.l(daddsub_clz.o)
    0x0800d154   0x0800d154   0x00000018   Code   RO         1092    x$fpl$dcmpinf       fz_wm.l(dcmpi.o)
    0x0800d16c   0x0800d16c   0x000002b0   Code   RO          984    x$fpl$ddiv          fz_wm.l(ddiv.o)
    0x0800d41c   0x0800d41c   0x0000005e   Code   RO          987    x$fpl$dfix          fz_wm.l(dfix.o)
    0x0800d47a   0x0800d47a   0x0000002e   Code   RO          992    x$fpl$dflt          fz_wm.l(dflt_clz.o)
    0x0800d4a8   0x0800d4a8   0x00000026   Code   RO          991    x$fpl$dfltu         fz_wm.l(dflt_clz.o)
    0x0800d4ce   0x0800d4ce   0x00000002   PAD
    0x0800d4d0   0x0800d4d0   0x00000078   Code   RO         1021    x$fpl$dleqf         fz_wm.l(dleqf.o)
    0x0800d548   0x0800d548   0x00000154   Code   RO          997    x$fpl$dmul          fz_wm.l(dmul.o)
    0x0800d69c   0x0800d69c   0x0000009c   Code   RO         1023    x$fpl$dnaninf       fz_wm.l(dnaninf.o)
    0x0800d738   0x0800d738   0x0000000c   Code   RO         1025    x$fpl$dretinf       fz_wm.l(dretinf.o)
    0x0800d744   0x0800d744   0x0000006c   Code   RO          999    x$fpl$drleqf        fz_wm.l(drleqf.o)
    0x0800d7b0   0x0800d7b0   0x00000016   Code   RO          978    x$fpl$drsb          fz_wm.l(daddsub_clz.o)
    0x0800d7c6   0x0800d7c6   0x00000002   PAD
    0x0800d7c8   0x0800d7c8   0x000001d4   Code   RO          979    x$fpl$dsub          fz_wm.l(daddsub_clz.o)
    0x0800d99c   0x0800d99c   0x00000056   Code   RO         1001    x$fpl$f2d           fz_wm.l(f2d.o)
    0x0800d9f2   0x0800d9f2   0x0000008c   Code   RO         1027    x$fpl$fnaninf       fz_wm.l(fnaninf.o)
    0x0800da7e   0x0800da7e   0x0000000a   Code   RO         1168    x$fpl$fpinit        fz_wm.l(fpinit.o)
    0x0800da88   0x0800da88   0x00000004   Code   RO         1003    x$fpl$printf1       fz_wm.l(printf1.o)
    0x0800da8c   0x0800da8c   0x00000000   Code   RO         1029    x$fpl$usenofp       fz_wm.l(usenofp.o)
    0x0800da8c   0x0800da8c   0x0000003a   Data   RO          827    .constdata          ff.o
    0x0800dac6   0x0800dac6   0x0002acc8   Data   RO          851    .constdata          cc936.o
    0x0803878e   0x0803878e   0x00000028   Data   RO          924    .constdata          c_w.l(_printf_hex_int.o)
    0x080387b6   0x080387b6   0x00000011   Data   RO          954    .constdata          c_w.l(__printf_flags_wp.o)
    0x080387c7   0x080387c7   0x00000001   PAD
    0x080387c8   0x080387c8   0x00000094   Data   RO         1061    .constdata          c_w.l(bigflt0.o)
    0x0803885c   0x0803885c   0x00000043   Data   RO            6    .conststring        main.o
    0x0803889f   0x0803889f   0x00000001   PAD
    0x080388a0   0x080388a0   0x00000020   Data   RO         1241    Region$$Table       anon$$obj.o
    0x080388c0   0x080388c0   0x0000001c   Data   RO         1089    locale$$data        c_w.l(lc_numeric_c.o)


    Execution Region RW_IRAM1 (Exec base: 0x20000000, Load base: 0x080388dc, Size: 0x00009e98, Max: 0x00020000, ABSOLUTE, COMPRESSED[0x0000005c])

    Exec Addr    Load Addr    Size         Type   Attr      Idx    E Section Name        Object

    0x20000000   COMPRESSED   0x00000095   Data   RW            7    .data               main.o
    0x20000095   COMPRESSED   0x00000003   PAD
    0x20000098   COMPRESSED   0x00000014   Data   RW          218    .data               system_stm32f4xx.o
    0x200000ac   COMPRESSED   0x00000010   Data   RW          317    .data               stm32f4xx_rcc.o
    0x200000bc   COMPRESSED   0x00000004   Data   RW          519    .data               delay.o
    0x200000c0   COMPRESSED   0x00000d6a   Data   RW          566    .data               usart.o
    0x20000e2a   COMPRESSED   0x00000002   PAD
    0x20000e2c   COMPRESSED   0x00000010   Data   RW          639    .data               sdio_sdcard.o
    0x20000e3c   COMPRESSED   0x00000014   Data   RW          676    .data               timer.o
    0x20000e50   COMPRESSED   0x0000002c   Data   RW          805    .data               pwmcatch.o
    0x20000e7c   COMPRESSED   0x00000002   Data   RW          828    .data               ff.o
    0x20000e7e   COMPRESSED   0x00000002   Data   RW          876    .data               diskio.o
    0x20000e80        -       0x00000654   Zero   RW            4    .bss                main.o
    0x200014d4        -       0x00007ecc   Zero   RW          565    .bss                usart.o
    0x200093a0        -       0x00000278   Zero   RW          638    .bss                sdio_sdcard.o
    0x20009618        -       0x00000014   Zero   RW          804    .bss                pwmcatch.o
    0x2000962c        -       0x0000020c   Zero   RW          826    .bss                ff.o
    0x20009838        -       0x00000060   Zero   RW         1099    .bss                c_w.l(libspace.o)
    0x20009898        -       0x00000200   Zero   RW          242    HEAP                startup_stm32f40_41xxx.o
    0x20009a98        -       0x00000400   Zero   RW          241    STACK               startup_stm32f40_41xxx.o


==============================================================================

Image component sizes


      Code (inc. data)   RO Data    RW Data    ZI Data      Debug   Object Name

       576         58          0          0          0       1764   adc.o
       180         18     175304          0          0       2273   cc936.o
       260          8          0          4          0       1489   delay.o
       392          8          0          2          0       3183   diskio.o
       156          8          0          0          0        810   exti.o
     12766        150         58          2        524      38054   ff.o
      7444       1166         67        149       1620     317843   main.o
       224         20          0          0          0     247177   misc.o
       188          8          0          0          0        656   onoffcontrol.o
       904         62          0         44         20       2749   pwmcatch.o
       148          0          0          0          0       1673   rng.o
      7152        220          0         16        632      24357   sdio_sdcard.o
        64         26        392          0       1536        840   startup_stm32f40_41xxx.o
      1124         24          0          0          0      10694   stm32f4xx_adc.o
       936         32          0          0          0       6405   stm32f4xx_dma.o
       272         10          0          0          0       2295   stm32f4xx_exti.o
      1684         28          0          0          0       9430   stm32f4xx_flash.o
       660         44          0          0          0       4169   stm32f4xx_gpio.o
        26          0          0          0          0       1226   stm32f4xx_it.o
      1628         52          0         16          0      13044   stm32f4xx_rcc.o
       160          4          0          0          0       1812   stm32f4xx_rng.o
       148         12          0          0          0       1849   stm32f4xx_syscfg.o
      3234         60          0          0          0      23024   stm32f4xx_tim.o
      1112         34          0          0          0       7896   stm32f4xx_usart.o
       456         48          0          0          0       2740   stmflash.o
      1132         46          0          0          0       3981   sys.o
       528         46          0         20          0       1791   system_stm32f4xx.o
       320         16          0         20          0       1653   timer.o
      3216        322          0       3434      32460      12824   usart.o

    ----------------------------------------------------------------------
     47096       2530     175854       3712      36792     747701   Object Totals
         0          0         32          0          0          0   (incl. Generated)
         6          0          1          5          0          0   (incl. Padding)

    ----------------------------------------------------------------------

      Code (inc. data)   RO Data    RW Data    ZI Data      Debug   Library Member Name

        90          0          0          0          0          0   __dczerorl2.o
         8          0          0          0          0         68   __main.o
       312          4         17          0          0         92   __printf_flags_wp.o
        14          0          0          0          0         68   __printf_wp.o
         0          0          0          0          0          0   __rtentry.o
        12          0          0          0          0          0   __rtentry2.o
         6          0          0          0          0          0   __rtentry4.o
        52          8          0          0          0          0   __scatter.o
        28          0          0          0          0          0   __scatter_zi.o
        48          6          0          0          0         96   _printf_char_common.o
        36          4          0          0          0         80   _printf_char_file.o
         6          0          0          0          0          0   _printf_d.o
       120         16          0          0          0         92   _printf_dec.o
         6          0          0          0          0          0   _printf_f.o
      1054          0          0          0          0        216   _printf_fp_dec.o
       128         16          0          0          0         84   _printf_fp_infnan.o
        88          4         40          0          0         88   _printf_hex_int.o
       178          0          0          0          0         88   _printf_intcommon.o
        78          0          0          0          0        108   _printf_pad.o
         0          0          0          0          0          0   _printf_percent.o
         4          0          0          0          0          0   _printf_percent_end.o
         6          0          0          0          0          0   _printf_x.o
        10          0          0          0          0         68   _sputc.o
       228          4        148          0          0         96   bigflt0.o
      1936        128          0          0          0        672   btod.o
        18          0          0          0          0         80   exit.o
         8          0          0          0          0         68   ferror.o
         6          0          0          0          0        152   heapauxi.o
        44         10         28          0          0         76   lc_numeric_c.o
         2          0          0          0          0          0   libinit.o
        22          0          0          0          0          0   libinit2.o
         2          0          0          0          0          0   libshutdown.o
         2          0          0          0          0          0   libshutdown2.o
         8          4          0          0         96         68   libspace.o
        72          0          0          0          0         76   llsdiv.o
       138          0          0          0          0         80   lludiv10.o
       238          0          0          0          0        100   lludivv7m.o
        88          0          0          0          0         76   memcmp.o
        24          4          0          0          0         84   noretval__2printf.o
        40          6          0          0          0         84   noretval__2sprintf.o
         8          4          0          0          0         68   rt_locale_intlibspace.o
        78          0          0          0          0         80   rt_memclr_w.o
       138          0          0          0          0         68   rt_memcpy_v6.o
       100          0          0          0          0         80   rt_memcpy_w.o
         2          0          0          0          0          0   rtexit.o
        10          0          0          0          0          0   rtexit2.o
       128          0          0          0          0         68   strcmpv7m.o
        74          0          0          0          0         80   sys_stackheap_outer.o
         2          0          0          0          0         68   use_no_semi.o
         2          0          0          0          0         68   use_no_semi_2.o
       826         16          0          0          0        492   daddsub_clz.o
        24          0          0          0          0        116   dcmpi.o
       688        140          0          0          0        256   ddiv.o
        94          4          0          0          0        140   dfix.o
        84          0          0          0          0        232   dflt_clz.o
       120          4          0          0          0        140   dleqf.o
       340         12          0          0          0        152   dmul.o
       156          4          0          0          0        140   dnaninf.o
        12          0          0          0          0        116   dretinf.o
       108          0          0          0          0        128   drleqf.o
        86          4          0          0          0        132   f2d.o
       140          4          0          0          0        132   fnaninf.o
        10          0          0          0          0        116   fpinit.o
         4          0          0          0          0        116   printf1.o
         0          0          0          0          0          0   usenofp.o
        48          0          0          0          0        124   fpclassify.o

    ----------------------------------------------------------------------
      8460        406        234          0         96       5972   Library Totals
        18          0          1          0          0          0   (incl. Padding)

    ----------------------------------------------------------------------

      Code (inc. data)   RO Data    RW Data    ZI Data      Debug   Library Name

      5702        218        233          0         96       3440   c_w.l
      2692        188          0          0          0       2408   fz_wm.l
        48          0          0          0          0        124   m_wm.l

    ----------------------------------------------------------------------
      8460        406        234          0         96       5972   Library Totals

    ----------------------------------------------------------------------

==============================================================================


      Code (inc. data)   RO Data    RW Data    ZI Data      Debug   

     55556       2936     176088       3712      36888     743549   Grand Totals
     55556       2936     176088         92      36888     743549   ELF Image Totals (compressed)
     55556       2936     176088         92          0          0   ROM Totals

==============================================================================

    Total RO  Size (Code + RO Data)               231644 ( 226.21kB)
    Total RW  Size (RW Data + ZI Data)             40600 (  39.65kB)
    Total ROM Size (Code + RO Data + RW Data)     231736 ( 226.30kB)

==============================================================================

